============================= test session starts =============================
platform win32 -- Python 3.12.0, pytest-8.3.4, pluggy-1.5.0
rootdir: C:\Users\Spac40\Documents\uge9\spac_week9
collected 64 items

tests\integration\test_file_handler.py FF..FFF.FF..FFFFFF..FFFFFFFFFFFF. [ 51%]
...FFFFFFFFFFFF....                                                      [ 81%]
tests\unit\test_controller.py .F.                                        [ 85%]
tests\unit\test_downloader.py ......F..                                  [100%]

================================== FAILURES ===================================
_____ TestFileHandler.test_start_download_clean[10_threads-File_Handler] ______

self = <spac_week9.tests.integration.test_file_handler.TestFileHandler object at 0x000001DFC3A8BEC0>
fh = <spac_week9.File_Handler.FileHandler object at 0x000001DFC1DC8D10>
tnum = 10

    def test_start_download_clean(self, fh, tnum):
        """
        Test start_download() from a clean slate (no previously downloaded files, no metadata file).
        Checking that files logged as downloaded in metadata file are actually present in downloads folder
        """
        self.clean_slate()
    
        fh = fh(tnum)
        fh.start_download(self.input, self.output, self.dest)
    
        # check side effects
>       self.crossreference_metadata()

tests\integration\test_file_handler.py:97: 
_ _ _ _ _ _ _ _ _ _ _ _ _ _ _ _ _ _ _ _ _ _ _ _ _ _ _ _ _ _ _ _ _ _ _ _ _ _ _ _
tests\integration\test_file_handler.py:64: in crossreference_metadata
    self.metadata_is_correct(meta)
_ _ _ _ _ _ _ _ _ _ _ _ _ _ _ _ _ _ _ _ _ _ _ _ _ _ _ _ _ _ _ _ _ _ _ _ _ _ _ _

self = <spac_week9.tests.integration.test_file_handler.TestFileHandler object at 0x000001DFC3A8BEC0>
meta =       BRnum pdf_downloaded
0   BR50041             no
1   BR50042             no
2   BR50043             no
3   BR5004...        yes
16  BR50058            yes
17  BR50059             no
18  BR50060             no
19  BR50061            yes

    def metadata_is_correct(self, meta):
        for row in meta.itertuples():
            if row.pdf_downloaded == "yes" and os.path.exists(os.path.join(self.dest, f"{row.BRnum}.pdf")):
                continue
            elif row.pdf_downloaded == "no" and not os.path.exists(os.path.join(self.dest, f"{row.BRnum}.pdf")):
                continue
            else:
>               assert False, f"The downloaded pdf's ({row.BRnum}) existence did not correspond to its status ({row.pdf_downloaded}) in metadata file"
E               AssertionError: The downloaded pdf's (BR50042) existence did not correspond to its status (no) in metadata file
E               assert False

tests\integration\test_file_handler.py:80: AssertionError
---------------------------- Captured stdout call -----------------------------
New meta data file will be created
__ TestFileHandler.test_start_download_clean[10_threads-Polar_File_Handler] ___

self = <spac_week9.tests.integration.test_file_handler.TestFileHandler object at 0x000001DFC40C7680>
fh = <spac_week9.Polar_File_Handler.FileHandler object at 0x000001DFC4682AB0>
tnum = 10

    def test_start_download_clean(self, fh, tnum):
        """
        Test start_download() from a clean slate (no previously downloaded files, no metadata file).
        Checking that files logged as downloaded in metadata file are actually present in downloads folder
        """
        self.clean_slate()
    
        fh = fh(tnum)
        fh.start_download(self.input, self.output, self.dest)
    
        # check side effects
>       self.crossreference_metadata()

tests\integration\test_file_handler.py:97: 
_ _ _ _ _ _ _ _ _ _ _ _ _ _ _ _ _ _ _ _ _ _ _ _ _ _ _ _ _ _ _ _ _ _ _ _ _ _ _ _
tests\integration\test_file_handler.py:64: in crossreference_metadata
    self.metadata_is_correct(meta)
_ _ _ _ _ _ _ _ _ _ _ _ _ _ _ _ _ _ _ _ _ _ _ _ _ _ _ _ _ _ _ _ _ _ _ _ _ _ _ _

self = <spac_week9.tests.integration.test_file_handler.TestFileHandler object at 0x000001DFC40C7680>
meta =       BRnum pdf_downloaded
0   BR50041             no
1   BR50042             no
2   BR50043             no
3   BR5004...         no
16  BR50057            yes
17  BR50058            yes
18  BR50059            yes
19  BR50060            yes

    def metadata_is_correct(self, meta):
        for row in meta.itertuples():
            if row.pdf_downloaded == "yes" and os.path.exists(os.path.join(self.dest, f"{row.BRnum}.pdf")):
                continue
            elif row.pdf_downloaded == "no" and not os.path.exists(os.path.join(self.dest, f"{row.BRnum}.pdf")):
                continue
            else:
>               assert False, f"The downloaded pdf's ({row.BRnum}) existence did not correspond to its status ({row.pdf_downloaded}) in metadata file"
E               AssertionError: The downloaded pdf's (BR50042) existence did not correspond to its status (no) in metadata file
E               assert False

tests\integration\test_file_handler.py:80: AssertionError
---------------------------- Captured stdout call -----------------------------
New meta data file will be created
____ TestFileHandler.test_start_download_unclean[10_threads-File_Handler] _____

self = <spac_week9.tests.integration.test_file_handler.TestFileHandler object at 0x000001DFC4544CB0>
fh = <spac_week9.File_Handler.FileHandler object at 0x000001DFC46463F0>
tnum = 10

    def test_start_download_unclean(self, fh, tnum):
        """
        Test start_download() from an unclean slate (previously downloaded files, metadata file).
        Checking that files logged as downloaded in metadata file are actually present in downloads folder
        """
        self.clean_slate()
    
        fh = fh(tnum)
        fh.start_download(self.input, self.output, self.dest)
>       fh.start_download(self.input, self.output, self.dest)

tests\integration\test_file_handler.py:108: 
_ _ _ _ _ _ _ _ _ _ _ _ _ _ _ _ _ _ _ _ _ _ _ _ _ _ _ _ _ _ _ _ _ _ _ _ _ _ _ _
File_Handler.py:95: in start_download
    with pd.ExcelWriter(meta_file,mode="a",if_sheet_exists="overlay") as writer:
_ _ _ _ _ _ _ _ _ _ _ _ _ _ _ _ _ _ _ _ _ _ _ _ _ _ _ _ _ _ _ _ _ _ _ _ _ _ _ _

self = <pandas.io.excel._xlsxwriter.XlsxWriter object at 0x000001DFC4A07620>
path = 'tests\\integration\\Metadata2017_2020.xlsx', engine = None
date_format = None, datetime_format = None, mode = 'a', storage_options = None
if_sheet_exists = 'overlay', engine_kwargs = {}, kwargs = {}
Workbook = <class 'xlsxwriter.workbook.Workbook'>

    def __init__(
        self,
        path: FilePath | WriteExcelBuffer | ExcelWriter,
        engine: str | None = None,
        date_format: str | None = None,
        datetime_format: str | None = None,
        mode: str = "w",
        storage_options: StorageOptions | None = None,
        if_sheet_exists: ExcelWriterIfSheetExists | None = None,
        engine_kwargs: dict[str, Any] | None = None,
        **kwargs,
    ) -> None:
        # Use the xlsxwriter module as the Excel writer.
        from xlsxwriter import Workbook
    
        engine_kwargs = combine_kwargs(engine_kwargs, kwargs)
    
        if mode == "a":
>           raise ValueError("Append mode is not supported with xlsxwriter!")
E           ValueError: Append mode is not supported with xlsxwriter!

.venv\Lib\site-packages\pandas\io\excel\_xlsxwriter.py:202: ValueError
---------------------------- Captured stdout call -----------------------------
New meta data file will be created
_ TestFileHandler.test_start_download_unclean[10_threads-Polar_File_Handler] __

self = <spac_week9.tests.integration.test_file_handler.TestFileHandler object at 0x000001DFC4544D40>
fh = <spac_week9.Polar_File_Handler.FileHandler object at 0x000001DFC6FDFD10>
tnum = 10

    def test_start_download_unclean(self, fh, tnum):
        """
        Test start_download() from an unclean slate (previously downloaded files, metadata file).
        Checking that files logged as downloaded in metadata file are actually present in downloads folder
        """
        self.clean_slate()
    
        fh = fh(tnum)
        fh.start_download(self.input, self.output, self.dest)
        fh.start_download(self.input, self.output, self.dest)
    
        # check side effects
>       self.crossreference_metadata()

tests\integration\test_file_handler.py:111: 
_ _ _ _ _ _ _ _ _ _ _ _ _ _ _ _ _ _ _ _ _ _ _ _ _ _ _ _ _ _ _ _ _ _ _ _ _ _ _ _
tests\integration\test_file_handler.py:63: in crossreference_metadata
    self.amount_downloaded_matches(meta)
_ _ _ _ _ _ _ _ _ _ _ _ _ _ _ _ _ _ _ _ _ _ _ _ _ _ _ _ _ _ _ _ _ _ _ _ _ _ _ _

self = <spac_week9.tests.integration.test_file_handler.TestFileHandler object at 0x000001DFC4544D40>
meta =       BRnum pdf_downloaded
0   BR50041             no
1   BR50042             no
2   BR50043             no
3   BR5004...        yes
27  BR50057            yes
28  BR50058            yes
29  BR50059            yes
30  BR50060            yes

    def amount_downloaded_matches(self, meta):
        # get a dataframe only containing the rows of (allegedly) downloaded files
        meta_amount = meta.loc[meta['pdf_downloaded'] == "yes"]
        # count number of files present in destination folder
        dl_amount = len([name for name in os.listdir(self.dest) if os.path.isfile(os.path.join(self.dest, name))])
>       assert meta_amount.shape[0] == dl_amount, f"Metadata file claims {meta_amount.shape[0]} files have been downloaded, and found {dl_amount} files in destination folder"
E       AssertionError: Metadata file claims 16 files have been downloaded, and found 12 files in destination folder
E       assert 16 == 12

tests\integration\test_file_handler.py:71: AssertionError
---------------------------- Captured stdout call -----------------------------
New meta data file will be created
_____ TestFileHandler.test_start_download_unclean[1_thread-File_Handler] ______

self = <spac_week9.tests.integration.test_file_handler.TestFileHandler object at 0x000001DFC4546000>
fh = <spac_week9.File_Handler.FileHandler object at 0x000001DFC7662930>
tnum = 1

    def test_start_download_unclean(self, fh, tnum):
        """
        Test start_download() from an unclean slate (previously downloaded files, metadata file).
        Checking that files logged as downloaded in metadata file are actually present in downloads folder
        """
        self.clean_slate()
    
        fh = fh(tnum)
        fh.start_download(self.input, self.output, self.dest)
>       fh.start_download(self.input, self.output, self.dest)

tests\integration\test_file_handler.py:108: 
_ _ _ _ _ _ _ _ _ _ _ _ _ _ _ _ _ _ _ _ _ _ _ _ _ _ _ _ _ _ _ _ _ _ _ _ _ _ _ _
File_Handler.py:95: in start_download
    with pd.ExcelWriter(meta_file,mode="a",if_sheet_exists="overlay") as writer:
_ _ _ _ _ _ _ _ _ _ _ _ _ _ _ _ _ _ _ _ _ _ _ _ _ _ _ _ _ _ _ _ _ _ _ _ _ _ _ _

self = <pandas.io.excel._xlsxwriter.XlsxWriter object at 0x000001DFC75DFF50>
path = 'tests\\integration\\Metadata2017_2020.xlsx', engine = None
date_format = None, datetime_format = None, mode = 'a', storage_options = None
if_sheet_exists = 'overlay', engine_kwargs = {}, kwargs = {}
Workbook = <class 'xlsxwriter.workbook.Workbook'>

    def __init__(
        self,
        path: FilePath | WriteExcelBuffer | ExcelWriter,
        engine: str | None = None,
        date_format: str | None = None,
        datetime_format: str | None = None,
        mode: str = "w",
        storage_options: StorageOptions | None = None,
        if_sheet_exists: ExcelWriterIfSheetExists | None = None,
        engine_kwargs: dict[str, Any] | None = None,
        **kwargs,
    ) -> None:
        # Use the xlsxwriter module as the Excel writer.
        from xlsxwriter import Workbook
    
        engine_kwargs = combine_kwargs(engine_kwargs, kwargs)
    
        if mode == "a":
>           raise ValueError("Append mode is not supported with xlsxwriter!")
E           ValueError: Append mode is not supported with xlsxwriter!

.venv\Lib\site-packages\pandas\io\excel\_xlsxwriter.py:202: ValueError
---------------------------- Captured stdout call -----------------------------
New meta data file will be created
____ TestFileHandler.test_start_download_no_meta[10_threads-File_Handler] _____

self = <spac_week9.tests.integration.test_file_handler.TestFileHandler object at 0x000001DFC4546150>
fh = <spac_week9.File_Handler.FileHandler object at 0x000001DFC4971850>
tnum = 10

    def test_start_download_no_meta(self, fh, tnum):
        """
        Run start_download() on a clean slate, remove the metadata file but not the downloaded files, and run start_download() again
        """
        self.clean_slate()
    
        fh = fh(tnum)
        fh.start_download(self.input, self.output, self.dest)
        self.remove_metadata()
        fh.start_download(self.input, self.output, self.dest)
    
        # check side effects
>       self.crossreference_metadata()

tests\integration\test_file_handler.py:125: 
_ _ _ _ _ _ _ _ _ _ _ _ _ _ _ _ _ _ _ _ _ _ _ _ _ _ _ _ _ _ _ _ _ _ _ _ _ _ _ _
tests\integration\test_file_handler.py:64: in crossreference_metadata
    self.metadata_is_correct(meta)
_ _ _ _ _ _ _ _ _ _ _ _ _ _ _ _ _ _ _ _ _ _ _ _ _ _ _ _ _ _ _ _ _ _ _ _ _ _ _ _

self = <spac_week9.tests.integration.test_file_handler.TestFileHandler object at 0x000001DFC4546150>
meta =       BRnum pdf_downloaded
0   BR50041             no
1   BR50042             no
2   BR50043             no
3   BR5004...        yes
16  BR50058            yes
17  BR50059            yes
18  BR50060             no
19  BR50061            yes

    def metadata_is_correct(self, meta):
        for row in meta.itertuples():
            if row.pdf_downloaded == "yes" and os.path.exists(os.path.join(self.dest, f"{row.BRnum}.pdf")):
                continue
            elif row.pdf_downloaded == "no" and not os.path.exists(os.path.join(self.dest, f"{row.BRnum}.pdf")):
                continue
            else:
>               assert False, f"The downloaded pdf's ({row.BRnum}) existence did not correspond to its status ({row.pdf_downloaded}) in metadata file"
E               AssertionError: The downloaded pdf's (BR50042) existence did not correspond to its status (no) in metadata file
E               assert False

tests\integration\test_file_handler.py:80: AssertionError
---------------------------- Captured stdout call -----------------------------
New meta data file will be created
New meta data file will be created
_ TestFileHandler.test_start_download_no_meta[10_threads-Polar_File_Handler] __

self = <spac_week9.tests.integration.test_file_handler.TestFileHandler object at 0x000001DFC4546240>
fh = <spac_week9.Polar_File_Handler.FileHandler object at 0x000001DFC54F9D60>
tnum = 10

    def test_start_download_no_meta(self, fh, tnum):
        """
        Run start_download() on a clean slate, remove the metadata file but not the downloaded files, and run start_download() again
        """
        self.clean_slate()
    
        fh = fh(tnum)
        fh.start_download(self.input, self.output, self.dest)
        self.remove_metadata()
        fh.start_download(self.input, self.output, self.dest)
    
        # check side effects
>       self.crossreference_metadata()

tests\integration\test_file_handler.py:125: 
_ _ _ _ _ _ _ _ _ _ _ _ _ _ _ _ _ _ _ _ _ _ _ _ _ _ _ _ _ _ _ _ _ _ _ _ _ _ _ _
tests\integration\test_file_handler.py:64: in crossreference_metadata
    self.metadata_is_correct(meta)
_ _ _ _ _ _ _ _ _ _ _ _ _ _ _ _ _ _ _ _ _ _ _ _ _ _ _ _ _ _ _ _ _ _ _ _ _ _ _ _

self = <spac_week9.tests.integration.test_file_handler.TestFileHandler object at 0x000001DFC4546240>
meta =       BRnum pdf_downloaded
0   BR50041             no
1   BR50042             no
2   BR50043             no
3   BR5004...        yes
16  BR50057            yes
17  BR50058            yes
18  BR50059            yes
19  BR50060            yes

    def metadata_is_correct(self, meta):
        for row in meta.itertuples():
            if row.pdf_downloaded == "yes" and os.path.exists(os.path.join(self.dest, f"{row.BRnum}.pdf")):
                continue
            elif row.pdf_downloaded == "no" and not os.path.exists(os.path.join(self.dest, f"{row.BRnum}.pdf")):
                continue
            else:
>               assert False, f"The downloaded pdf's ({row.BRnum}) existence did not correspond to its status ({row.pdf_downloaded}) in metadata file"
E               AssertionError: The downloaded pdf's (BR50042) existence did not correspond to its status (no) in metadata file
E               assert False

tests\integration\test_file_handler.py:80: AssertionError
---------------------------- Captured stdout call -----------------------------
New meta data file will be created
New meta data file will be created
_____ TestFileHandler.test_start_download_no_dls[10_threads-File_Handler] _____

self = <spac_week9.tests.integration.test_file_handler.TestFileHandler object at 0x000001DFC4546570>
fh = <spac_week9.File_Handler.FileHandler object at 0x000001DFC530AA80>
tnum = 10

    def test_start_download_no_dls(self, fh, tnum):
        """
        Run start_download() on a clean slate, remove the downloaded files but not the metadata file, and run start_download() again
        """
        self.clean_slate()
    
        fh = fh(tnum)
        fh.start_download(self.input, self.output, self.dest)
        self.remove_dls()
>       fh.start_download(self.input, self.output, self.dest)

tests\integration\test_file_handler.py:136: 
_ _ _ _ _ _ _ _ _ _ _ _ _ _ _ _ _ _ _ _ _ _ _ _ _ _ _ _ _ _ _ _ _ _ _ _ _ _ _ _
File_Handler.py:95: in start_download
    with pd.ExcelWriter(meta_file,mode="a",if_sheet_exists="overlay") as writer:
_ _ _ _ _ _ _ _ _ _ _ _ _ _ _ _ _ _ _ _ _ _ _ _ _ _ _ _ _ _ _ _ _ _ _ _ _ _ _ _

self = <pandas.io.excel._xlsxwriter.XlsxWriter object at 0x000001DFC515D2E0>
path = 'tests\\integration\\Metadata2017_2020.xlsx', engine = None
date_format = None, datetime_format = None, mode = 'a', storage_options = None
if_sheet_exists = 'overlay', engine_kwargs = {}, kwargs = {}
Workbook = <class 'xlsxwriter.workbook.Workbook'>

    def __init__(
        self,
        path: FilePath | WriteExcelBuffer | ExcelWriter,
        engine: str | None = None,
        date_format: str | None = None,
        datetime_format: str | None = None,
        mode: str = "w",
        storage_options: StorageOptions | None = None,
        if_sheet_exists: ExcelWriterIfSheetExists | None = None,
        engine_kwargs: dict[str, Any] | None = None,
        **kwargs,
    ) -> None:
        # Use the xlsxwriter module as the Excel writer.
        from xlsxwriter import Workbook
    
        engine_kwargs = combine_kwargs(engine_kwargs, kwargs)
    
        if mode == "a":
>           raise ValueError("Append mode is not supported with xlsxwriter!")
E           ValueError: Append mode is not supported with xlsxwriter!

.venv\Lib\site-packages\pandas\io\excel\_xlsxwriter.py:202: ValueError
---------------------------- Captured stdout call -----------------------------
New meta data file will be created
__ TestFileHandler.test_start_download_no_dls[10_threads-Polar_File_Handler] __

self = <spac_week9.tests.integration.test_file_handler.TestFileHandler object at 0x000001DFC4546660>
fh = <spac_week9.Polar_File_Handler.FileHandler object at 0x000001DFC6B12CC0>
tnum = 10

    def test_start_download_no_dls(self, fh, tnum):
        """
        Run start_download() on a clean slate, remove the downloaded files but not the metadata file, and run start_download() again
        """
        self.clean_slate()
    
        fh = fh(tnum)
        fh.start_download(self.input, self.output, self.dest)
        self.remove_dls()
        fh.start_download(self.input, self.output, self.dest)
    
        # check side effects
>       self.crossreference_metadata()

tests\integration\test_file_handler.py:139: 
_ _ _ _ _ _ _ _ _ _ _ _ _ _ _ _ _ _ _ _ _ _ _ _ _ _ _ _ _ _ _ _ _ _ _ _ _ _ _ _
tests\integration\test_file_handler.py:63: in crossreference_metadata
    self.amount_downloaded_matches(meta)
_ _ _ _ _ _ _ _ _ _ _ _ _ _ _ _ _ _ _ _ _ _ _ _ _ _ _ _ _ _ _ _ _ _ _ _ _ _ _ _

self = <spac_week9.tests.integration.test_file_handler.TestFileHandler object at 0x000001DFC4546660>
meta =       BRnum pdf_downloaded
0   BR50041             no
1   BR50042             no
2   BR50043             no
3   BR5004...        yes
27  BR50057            yes
28  BR50058            yes
29  BR50059            yes
30  BR50060            yes

    def amount_downloaded_matches(self, meta):
        # get a dataframe only containing the rows of (allegedly) downloaded files
        meta_amount = meta.loc[meta['pdf_downloaded'] == "yes"]
        # count number of files present in destination folder
        dl_amount = len([name for name in os.listdir(self.dest) if os.path.isfile(os.path.join(self.dest, name))])
>       assert meta_amount.shape[0] == dl_amount, f"Metadata file claims {meta_amount.shape[0]} files have been downloaded, and found {dl_amount} files in destination folder"
E       AssertionError: Metadata file claims 14 files have been downloaded, and found 3 files in destination folder
E       assert 14 == 3

tests\integration\test_file_handler.py:71: AssertionError
---------------------------- Captured stdout call -----------------------------
New meta data file will be created
______ TestFileHandler.test_start_download_no_dls[1_thread-File_Handler] ______

self = <spac_week9.tests.integration.test_file_handler.TestFileHandler object at 0x000001DFC4546840>
fh = <spac_week9.File_Handler.FileHandler object at 0x000001DFC6769BB0>
tnum = 1

    def test_start_download_no_dls(self, fh, tnum):
        """
        Run start_download() on a clean slate, remove the downloaded files but not the metadata file, and run start_download() again
        """
        self.clean_slate()
    
        fh = fh(tnum)
        fh.start_download(self.input, self.output, self.dest)
        self.remove_dls()
>       fh.start_download(self.input, self.output, self.dest)

tests\integration\test_file_handler.py:136: 
_ _ _ _ _ _ _ _ _ _ _ _ _ _ _ _ _ _ _ _ _ _ _ _ _ _ _ _ _ _ _ _ _ _ _ _ _ _ _ _
File_Handler.py:95: in start_download
    with pd.ExcelWriter(meta_file,mode="a",if_sheet_exists="overlay") as writer:
_ _ _ _ _ _ _ _ _ _ _ _ _ _ _ _ _ _ _ _ _ _ _ _ _ _ _ _ _ _ _ _ _ _ _ _ _ _ _ _

self = <pandas.io.excel._xlsxwriter.XlsxWriter object at 0x000001DFC4972000>
path = 'tests\\integration\\Metadata2017_2020.xlsx', engine = None
date_format = None, datetime_format = None, mode = 'a', storage_options = None
if_sheet_exists = 'overlay', engine_kwargs = {}, kwargs = {}
Workbook = <class 'xlsxwriter.workbook.Workbook'>

    def __init__(
        self,
        path: FilePath | WriteExcelBuffer | ExcelWriter,
        engine: str | None = None,
        date_format: str | None = None,
        datetime_format: str | None = None,
        mode: str = "w",
        storage_options: StorageOptions | None = None,
        if_sheet_exists: ExcelWriterIfSheetExists | None = None,
        engine_kwargs: dict[str, Any] | None = None,
        **kwargs,
    ) -> None:
        # Use the xlsxwriter module as the Excel writer.
        from xlsxwriter import Workbook
    
        engine_kwargs = combine_kwargs(engine_kwargs, kwargs)
    
        if mode == "a":
>           raise ValueError("Append mode is not supported with xlsxwriter!")
E           ValueError: Append mode is not supported with xlsxwriter!

.venv\Lib\site-packages\pandas\io\excel\_xlsxwriter.py:202: ValueError
---------------------------- Captured stdout call -----------------------------
New meta data file will be created
___ TestFileHandler.test_start_download_no_dls[1_thread-Polar_File_Handler] ___

self = <spac_week9.tests.integration.test_file_handler.TestFileHandler object at 0x000001DFC45468D0>
fh = <spac_week9.Polar_File_Handler.FileHandler object at 0x000001DFC4682FC0>
tnum = 1

    def test_start_download_no_dls(self, fh, tnum):
        """
        Run start_download() on a clean slate, remove the downloaded files but not the metadata file, and run start_download() again
        """
        self.clean_slate()
    
        fh = fh(tnum)
        fh.start_download(self.input, self.output, self.dest)
        self.remove_dls()
        fh.start_download(self.input, self.output, self.dest)
    
        # check side effects
>       self.crossreference_metadata()

tests\integration\test_file_handler.py:139: 
_ _ _ _ _ _ _ _ _ _ _ _ _ _ _ _ _ _ _ _ _ _ _ _ _ _ _ _ _ _ _ _ _ _ _ _ _ _ _ _
tests\integration\test_file_handler.py:63: in crossreference_metadata
    self.amount_downloaded_matches(meta)
_ _ _ _ _ _ _ _ _ _ _ _ _ _ _ _ _ _ _ _ _ _ _ _ _ _ _ _ _ _ _ _ _ _ _ _ _ _ _ _

self = <spac_week9.tests.integration.test_file_handler.TestFileHandler object at 0x000001DFC45468D0>
meta =       BRnum pdf_downloaded
0   BR50041             no
1   BR50043             no
2   BR50044             no
3   BR5004...        yes
27  BR50057            yes
28  BR50058            yes
29  BR50059            yes
30  BR50060            yes

    def amount_downloaded_matches(self, meta):
        # get a dataframe only containing the rows of (allegedly) downloaded files
        meta_amount = meta.loc[meta['pdf_downloaded'] == "yes"]
        # count number of files present in destination folder
        dl_amount = len([name for name in os.listdir(self.dest) if os.path.isfile(os.path.join(self.dest, name))])
>       assert meta_amount.shape[0] == dl_amount, f"Metadata file claims {meta_amount.shape[0]} files have been downloaded, and found {dl_amount} files in destination folder"
E       AssertionError: Metadata file claims 12 files have been downloaded, and found 1 files in destination folder
E       assert 12 == 1

tests\integration\test_file_handler.py:71: AssertionError
---------------------------- Captured stdout call -----------------------------
New meta data file will be created
__ TestFileHandler.test_start_download_small_input[10_threads-File_Handler] ___

self = <spac_week9.tests.integration.test_file_handler.TestFileHandler object at 0x000001DFC4546990>
fh = <spac_week9.File_Handler.FileHandler object at 0x000001DFC4A048F0>
tnum = 10
monkeypatch = <_pytest.monkeypatch.MonkeyPatch object at 0x000001DFC4A07650>

    def test_start_download_small_input(self, fh, tnum, monkeypatch):
        self.clean_slate()
    
        monkeypatch.setattr('File_Handler.pd.read_excel', mock_pd_read_excel)
        monkeypatch.setattr('Polar_File_Handler.pl.read_excel', mock_pl_read_excel)
    
        fh = fh(tnum)
        fh.start_download(self.input, self.output, self.dest)
    
        # check side effects
>       self.crossreference_metadata()

tests\integration\test_file_handler.py:155: 
_ _ _ _ _ _ _ _ _ _ _ _ _ _ _ _ _ _ _ _ _ _ _ _ _ _ _ _ _ _ _ _ _ _ _ _ _ _ _ _
tests\integration\test_file_handler.py:64: in crossreference_metadata
    self.metadata_is_correct(meta)
_ _ _ _ _ _ _ _ _ _ _ _ _ _ _ _ _ _ _ _ _ _ _ _ _ _ _ _ _ _ _ _ _ _ _ _ _ _ _ _

self = <spac_week9.tests.integration.test_file_handler.TestFileHandler object at 0x000001DFC4546990>
meta =      BRnum pdf_downloaded
0  BR50041             no
1  BR50042             no
2  BR50043             no
3  BR50044            yes
4  BR50045            yes

    def metadata_is_correct(self, meta):
        for row in meta.itertuples():
            if row.pdf_downloaded == "yes" and os.path.exists(os.path.join(self.dest, f"{row.BRnum}.pdf")):
                continue
            elif row.pdf_downloaded == "no" and not os.path.exists(os.path.join(self.dest, f"{row.BRnum}.pdf")):
                continue
            else:
>               assert False, f"The downloaded pdf's ({row.BRnum}) existence did not correspond to its status ({row.pdf_downloaded}) in metadata file"
E               AssertionError: The downloaded pdf's (BR50042) existence did not correspond to its status (no) in metadata file
E               assert False

tests\integration\test_file_handler.py:80: AssertionError
---------------------------- Captured stdout call -----------------------------
New meta data file will be created
_ TestFileHandler.test_start_download_small_input[10_threads-Polar_File_Handler] _

self = <spac_week9.tests.integration.test_file_handler.TestFileHandler object at 0x000001DFC4546A80>
fh = <spac_week9.Polar_File_Handler.FileHandler object at 0x000001DFC6FDEA80>
tnum = 10
monkeypatch = <_pytest.monkeypatch.MonkeyPatch object at 0x000001DFC52AEFF0>

    def test_start_download_small_input(self, fh, tnum, monkeypatch):
        self.clean_slate()
    
        monkeypatch.setattr('File_Handler.pd.read_excel', mock_pd_read_excel)
        monkeypatch.setattr('Polar_File_Handler.pl.read_excel', mock_pl_read_excel)
    
        fh = fh(tnum)
        fh.start_download(self.input, self.output, self.dest)
    
        # check side effects
>       self.crossreference_metadata()

tests\integration\test_file_handler.py:155: 
_ _ _ _ _ _ _ _ _ _ _ _ _ _ _ _ _ _ _ _ _ _ _ _ _ _ _ _ _ _ _ _ _ _ _ _ _ _ _ _
tests\integration\test_file_handler.py:64: in crossreference_metadata
    self.metadata_is_correct(meta)
_ _ _ _ _ _ _ _ _ _ _ _ _ _ _ _ _ _ _ _ _ _ _ _ _ _ _ _ _ _ _ _ _ _ _ _ _ _ _ _

self = <spac_week9.tests.integration.test_file_handler.TestFileHandler object at 0x000001DFC4546A80>
meta =      BRnum pdf_downloaded
0  BR50041             no
1  BR50042             no
2  BR50043             no
3  BR50044            yes
4  BR50045            yes

    def metadata_is_correct(self, meta):
        for row in meta.itertuples():
            if row.pdf_downloaded == "yes" and os.path.exists(os.path.join(self.dest, f"{row.BRnum}.pdf")):
                continue
            elif row.pdf_downloaded == "no" and not os.path.exists(os.path.join(self.dest, f"{row.BRnum}.pdf")):
                continue
            else:
>               assert False, f"The downloaded pdf's ({row.BRnum}) existence did not correspond to its status ({row.pdf_downloaded}) in metadata file"
E               AssertionError: The downloaded pdf's (BR50042) existence did not correspond to its status (no) in metadata file
E               assert False

tests\integration\test_file_handler.py:80: AssertionError
---------------------------- Captured stdout call -----------------------------
New meta data file will be created
_ TestFileHandler.test_start_download_empty_input[bad_dest-bad_output-bad_input-10_threads-File_Handler] _

self = <spac_week9.tests.integration.test_file_handler.TestFileHandler object at 0x000001DFC4546E70>
fh = <spac_week9.File_Handler.FileHandler object at 0x000001DFC52AE720>
tnum = 10, p_input = '', p_output = '', p_dest = ''

    @pytest.mark.parametrize('p_input', ["", input], ids=["bad_input", "normal_input"])
    @pytest.mark.parametrize('p_output', ["", output], ids=["bad_output", "normal_output"])
    @pytest.mark.parametrize('p_dest', ["", dest], ids=["bad_dest", "normal_dest"])
    def test_start_download_empty_input(self, fh, tnum, p_input, p_output, p_dest):
        self.clean_slate()
    
        fh = fh(tnum)
>       fh.start_download(p_input, p_output, p_dest)

tests\integration\test_file_handler.py:167: 
_ _ _ _ _ _ _ _ _ _ _ _ _ _ _ _ _ _ _ _ _ _ _ _ _ _ _ _ _ _ _ _ _ _ _ _ _ _ _ _
File_Handler.py:44: in start_download
    file_data = pd.read_excel(url_file,index_col = ID)
.venv\Lib\site-packages\pandas\io\excel\_base.py:495: in read_excel
    io = ExcelFile(
.venv\Lib\site-packages\pandas\io\excel\_base.py:1550: in __init__
    ext = inspect_excel_format(
.venv\Lib\site-packages\pandas\io\excel\_base.py:1402: in inspect_excel_format
    with get_handle(
_ _ _ _ _ _ _ _ _ _ _ _ _ _ _ _ _ _ _ _ _ _ _ _ _ _ _ _ _ _ _ _ _ _ _ _ _ _ _ _

path_or_buf = '', mode = 'rb'

    @doc(compression_options=_shared_docs["compression_options"] % "path_or_buf")
    def get_handle(
        path_or_buf: FilePath | BaseBuffer,
        mode: str,
        *,
        encoding: str | None = None,
        compression: CompressionOptions | None = None,
        memory_map: bool = False,
        is_text: bool = True,
        errors: str | None = None,
        storage_options: StorageOptions | None = None,
    ) -> IOHandles[str] | IOHandles[bytes]:
        """
        Get file handle for given path/buffer and mode.
    
        Parameters
        ----------
        path_or_buf : str or file handle
            File path or object.
        mode : str
            Mode to open path_or_buf with.
        encoding : str or None
            Encoding to use.
        {compression_options}
    
               May be a dict with key 'method' as compression mode
               and other keys as compression options if compression
               mode is 'zip'.
    
               Passing compression options as keys in dict is
               supported for compression modes 'gzip', 'bz2', 'zstd' and 'zip'.
    
            .. versionchanged:: 1.4.0 Zstandard support.
    
        memory_map : bool, default False
            See parsers._parser_params for more information. Only used by read_csv.
        is_text : bool, default True
            Whether the type of the content passed to the file/buffer is string or
            bytes. This is not the same as `"b" not in mode`. If a string content is
            passed to a binary file/buffer, a wrapper is inserted.
        errors : str, default 'strict'
            Specifies how encoding and decoding errors are to be handled.
            See the errors argument for :func:`open` for a full list
            of options.
        storage_options: StorageOptions = None
            Passed to _get_filepath_or_buffer
    
        Returns the dataclass IOHandles
        """
        # Windows does not default to utf-8. Set to utf-8 for a consistent behavior
        encoding = encoding or "utf-8"
    
        errors = errors or "strict"
    
        # read_csv does not know whether the buffer is opened in binary/text mode
        if _is_binary_mode(path_or_buf, mode) and "b" not in mode:
            mode += "b"
    
        # validate encoding and errors
        codecs.lookup(encoding)
        if isinstance(errors, str):
            codecs.lookup_error(errors)
    
        # open URLs
        ioargs = _get_filepath_or_buffer(
            path_or_buf,
            encoding=encoding,
            compression=compression,
            mode=mode,
            storage_options=storage_options,
        )
    
        handle = ioargs.filepath_or_buffer
        handles: list[BaseBuffer]
    
        # memory mapping needs to be the first step
        # only used for read_csv
        handle, memory_map, handles = _maybe_memory_map(handle, memory_map)
    
        is_path = isinstance(handle, str)
        compression_args = dict(ioargs.compression)
        compression = compression_args.pop("method")
    
        # Only for write methods
        if "r" not in mode and is_path:
            check_parent_directory(str(handle))
    
        if compression:
            if compression != "zstd":
                # compression libraries do not like an explicit text-mode
                ioargs.mode = ioargs.mode.replace("t", "")
            elif compression == "zstd" and "b" not in ioargs.mode:
                # python-zstandard defaults to text mode, but we always expect
                # compression libraries to use binary mode.
                ioargs.mode += "b"
    
            # GZ Compression
            if compression == "gzip":
                if isinstance(handle, str):
                    # error: Incompatible types in assignment (expression has type
                    # "GzipFile", variable has type "Union[str, BaseBuffer]")
                    handle = gzip.GzipFile(  # type: ignore[assignment]
                        filename=handle,
                        mode=ioargs.mode,
                        **compression_args,
                    )
                else:
                    handle = gzip.GzipFile(
                        # No overload variant of "GzipFile" matches argument types
                        # "Union[str, BaseBuffer]", "str", "Dict[str, Any]"
                        fileobj=handle,  # type: ignore[call-overload]
                        mode=ioargs.mode,
                        **compression_args,
                    )
    
            # BZ Compression
            elif compression == "bz2":
                # Overload of "BZ2File" to handle pickle protocol 5
                # "Union[str, BaseBuffer]", "str", "Dict[str, Any]"
                handle = get_bz2_file()(  # type: ignore[call-overload]
                    handle,
                    mode=ioargs.mode,
                    **compression_args,
                )
    
            # ZIP Compression
            elif compression == "zip":
                # error: Argument 1 to "_BytesZipFile" has incompatible type
                # "Union[str, BaseBuffer]"; expected "Union[Union[str, PathLike[str]],
                # ReadBuffer[bytes], WriteBuffer[bytes]]"
                handle = _BytesZipFile(
                    handle, ioargs.mode, **compression_args  # type: ignore[arg-type]
                )
                if handle.buffer.mode == "r":
                    handles.append(handle)
                    zip_names = handle.buffer.namelist()
                    if len(zip_names) == 1:
                        handle = handle.buffer.open(zip_names.pop())
                    elif not zip_names:
                        raise ValueError(f"Zero files found in ZIP file {path_or_buf}")
                    else:
                        raise ValueError(
                            "Multiple files found in ZIP file. "
                            f"Only one file per ZIP: {zip_names}"
                        )
    
            # TAR Encoding
            elif compression == "tar":
                compression_args.setdefault("mode", ioargs.mode)
                if isinstance(handle, str):
                    handle = _BytesTarFile(name=handle, **compression_args)
                else:
                    # error: Argument "fileobj" to "_BytesTarFile" has incompatible
                    # type "BaseBuffer"; expected "Union[ReadBuffer[bytes],
                    # WriteBuffer[bytes], None]"
                    handle = _BytesTarFile(
                        fileobj=handle, **compression_args  # type: ignore[arg-type]
                    )
                assert isinstance(handle, _BytesTarFile)
                if "r" in handle.buffer.mode:
                    handles.append(handle)
                    files = handle.buffer.getnames()
                    if len(files) == 1:
                        file = handle.buffer.extractfile(files[0])
                        assert file is not None
                        handle = file
                    elif not files:
                        raise ValueError(f"Zero files found in TAR archive {path_or_buf}")
                    else:
                        raise ValueError(
                            "Multiple files found in TAR archive. "
                            f"Only one file per TAR archive: {files}"
                        )
    
            # XZ Compression
            elif compression == "xz":
                # error: Argument 1 to "LZMAFile" has incompatible type "Union[str,
                # BaseBuffer]"; expected "Optional[Union[Union[str, bytes, PathLike[str],
                # PathLike[bytes]], IO[bytes]], None]"
                handle = get_lzma_file()(
                    handle, ioargs.mode, **compression_args  # type: ignore[arg-type]
                )
    
            # Zstd Compression
            elif compression == "zstd":
                zstd = import_optional_dependency("zstandard")
                if "r" in ioargs.mode:
                    open_args = {"dctx": zstd.ZstdDecompressor(**compression_args)}
                else:
                    open_args = {"cctx": zstd.ZstdCompressor(**compression_args)}
                handle = zstd.open(
                    handle,
                    mode=ioargs.mode,
                    **open_args,
                )
    
            # Unrecognized Compression
            else:
                msg = f"Unrecognized compression type: {compression}"
                raise ValueError(msg)
    
            assert not isinstance(handle, str)
            handles.append(handle)
    
        elif isinstance(handle, str):
            # Check whether the filename is to be opened in binary mode.
            # Binary mode does not support 'encoding' and 'newline'.
            if ioargs.encoding and "b" not in ioargs.mode:
                # Encoding
                handle = open(
                    handle,
                    ioargs.mode,
                    encoding=ioargs.encoding,
                    errors=errors,
                    newline="",
                )
            else:
                # Binary mode
>               handle = open(handle, ioargs.mode)
E               FileNotFoundError: [Errno 2] No such file or directory: ''

.venv\Lib\site-packages\pandas\io\common.py:882: FileNotFoundError
_ TestFileHandler.test_start_download_empty_input[bad_dest-bad_output-bad_input-10_threads-Polar_File_Handler] _

self = <spac_week9.tests.integration.test_file_handler.TestFileHandler object at 0x000001DFC45472C0>
fh = <spac_week9.Polar_File_Handler.FileHandler object at 0x000001DFC75D86E0>
tnum = 10, p_input = '', p_output = '', p_dest = ''

    @pytest.mark.parametrize('p_input', ["", input], ids=["bad_input", "normal_input"])
    @pytest.mark.parametrize('p_output', ["", output], ids=["bad_output", "normal_output"])
    @pytest.mark.parametrize('p_dest', ["", dest], ids=["bad_dest", "normal_dest"])
    def test_start_download_empty_input(self, fh, tnum, p_input, p_output, p_dest):
        self.clean_slate()
    
        fh = fh(tnum)
>       fh.start_download(p_input, p_output, p_dest)

tests\integration\test_file_handler.py:167: 
_ _ _ _ _ _ _ _ _ _ _ _ _ _ _ _ _ _ _ _ _ _ _ _ _ _ _ _ _ _ _ _ _ _ _ _ _ _ _ _
Polar_File_Handler.py:37: in start_download
    file_data = pl.read_excel(source=url_file, columns= ["BRnum", "Pdf_URL", "Report Html Address"])
.venv\Lib\site-packages\polars\_utils\deprecation.py:92: in wrapper
    return function(*args, **kwargs)
.venv\Lib\site-packages\polars\_utils\deprecation.py:92: in wrapper
    return function(*args, **kwargs)
.venv\Lib\site-packages\polars\io\spreadsheet\functions.py:299: in read_excel
    return _read_spreadsheet(
.venv\Lib\site-packages\polars\io\spreadsheet\functions.py:529: in _read_spreadsheet
    reader_fn, parser, worksheets = _initialise_spreadsheet_parser(
.venv\Lib\site-packages\polars\io\spreadsheet\functions.py:715: in _initialise_spreadsheet_parser
    parser = fastexcel.read_excel(source, **engine_options)
_ _ _ _ _ _ _ _ _ _ _ _ _ _ _ _ _ _ _ _ _ _ _ _ _ _ _ _ _ _ _ _ _ _ _ _ _ _ _ _

source = ''

    def read_excel(source: Path | str | bytes) -> ExcelReader:
        """Opens and loads an excel file.
    
        :param source: The path to a file or its content as bytes
        """
        if isinstance(source, (str, Path)):
            source = expanduser(source)
>       return ExcelReader(_read_excel(source))
E       _fastexcel.CalamineError: calamine error: Cannot detect file format
E       Context:
E           0: Could not open workbook at 
E           1: could not load excel file at

.venv\Lib\site-packages\fastexcel\__init__.py:476: CalamineError
_ TestFileHandler.test_start_download_empty_input[bad_dest-bad_output-bad_input-1_thread-File_Handler] _

self = <spac_week9.tests.integration.test_file_handler.TestFileHandler object at 0x000001DFC4547380>
fh = <spac_week9.File_Handler.FileHandler object at 0x000001DFC75DAF00>
tnum = 1, p_input = '', p_output = '', p_dest = ''

    @pytest.mark.parametrize('p_input', ["", input], ids=["bad_input", "normal_input"])
    @pytest.mark.parametrize('p_output', ["", output], ids=["bad_output", "normal_output"])
    @pytest.mark.parametrize('p_dest', ["", dest], ids=["bad_dest", "normal_dest"])
    def test_start_download_empty_input(self, fh, tnum, p_input, p_output, p_dest):
        self.clean_slate()
    
        fh = fh(tnum)
>       fh.start_download(p_input, p_output, p_dest)

tests\integration\test_file_handler.py:167: 
_ _ _ _ _ _ _ _ _ _ _ _ _ _ _ _ _ _ _ _ _ _ _ _ _ _ _ _ _ _ _ _ _ _ _ _ _ _ _ _
File_Handler.py:44: in start_download
    file_data = pd.read_excel(url_file,index_col = ID)
.venv\Lib\site-packages\pandas\io\excel\_base.py:495: in read_excel
    io = ExcelFile(
.venv\Lib\site-packages\pandas\io\excel\_base.py:1550: in __init__
    ext = inspect_excel_format(
.venv\Lib\site-packages\pandas\io\excel\_base.py:1402: in inspect_excel_format
    with get_handle(
_ _ _ _ _ _ _ _ _ _ _ _ _ _ _ _ _ _ _ _ _ _ _ _ _ _ _ _ _ _ _ _ _ _ _ _ _ _ _ _

path_or_buf = '', mode = 'rb'

    @doc(compression_options=_shared_docs["compression_options"] % "path_or_buf")
    def get_handle(
        path_or_buf: FilePath | BaseBuffer,
        mode: str,
        *,
        encoding: str | None = None,
        compression: CompressionOptions | None = None,
        memory_map: bool = False,
        is_text: bool = True,
        errors: str | None = None,
        storage_options: StorageOptions | None = None,
    ) -> IOHandles[str] | IOHandles[bytes]:
        """
        Get file handle for given path/buffer and mode.
    
        Parameters
        ----------
        path_or_buf : str or file handle
            File path or object.
        mode : str
            Mode to open path_or_buf with.
        encoding : str or None
            Encoding to use.
        {compression_options}
    
               May be a dict with key 'method' as compression mode
               and other keys as compression options if compression
               mode is 'zip'.
    
               Passing compression options as keys in dict is
               supported for compression modes 'gzip', 'bz2', 'zstd' and 'zip'.
    
            .. versionchanged:: 1.4.0 Zstandard support.
    
        memory_map : bool, default False
            See parsers._parser_params for more information. Only used by read_csv.
        is_text : bool, default True
            Whether the type of the content passed to the file/buffer is string or
            bytes. This is not the same as `"b" not in mode`. If a string content is
            passed to a binary file/buffer, a wrapper is inserted.
        errors : str, default 'strict'
            Specifies how encoding and decoding errors are to be handled.
            See the errors argument for :func:`open` for a full list
            of options.
        storage_options: StorageOptions = None
            Passed to _get_filepath_or_buffer
    
        Returns the dataclass IOHandles
        """
        # Windows does not default to utf-8. Set to utf-8 for a consistent behavior
        encoding = encoding or "utf-8"
    
        errors = errors or "strict"
    
        # read_csv does not know whether the buffer is opened in binary/text mode
        if _is_binary_mode(path_or_buf, mode) and "b" not in mode:
            mode += "b"
    
        # validate encoding and errors
        codecs.lookup(encoding)
        if isinstance(errors, str):
            codecs.lookup_error(errors)
    
        # open URLs
        ioargs = _get_filepath_or_buffer(
            path_or_buf,
            encoding=encoding,
            compression=compression,
            mode=mode,
            storage_options=storage_options,
        )
    
        handle = ioargs.filepath_or_buffer
        handles: list[BaseBuffer]
    
        # memory mapping needs to be the first step
        # only used for read_csv
        handle, memory_map, handles = _maybe_memory_map(handle, memory_map)
    
        is_path = isinstance(handle, str)
        compression_args = dict(ioargs.compression)
        compression = compression_args.pop("method")
    
        # Only for write methods
        if "r" not in mode and is_path:
            check_parent_directory(str(handle))
    
        if compression:
            if compression != "zstd":
                # compression libraries do not like an explicit text-mode
                ioargs.mode = ioargs.mode.replace("t", "")
            elif compression == "zstd" and "b" not in ioargs.mode:
                # python-zstandard defaults to text mode, but we always expect
                # compression libraries to use binary mode.
                ioargs.mode += "b"
    
            # GZ Compression
            if compression == "gzip":
                if isinstance(handle, str):
                    # error: Incompatible types in assignment (expression has type
                    # "GzipFile", variable has type "Union[str, BaseBuffer]")
                    handle = gzip.GzipFile(  # type: ignore[assignment]
                        filename=handle,
                        mode=ioargs.mode,
                        **compression_args,
                    )
                else:
                    handle = gzip.GzipFile(
                        # No overload variant of "GzipFile" matches argument types
                        # "Union[str, BaseBuffer]", "str", "Dict[str, Any]"
                        fileobj=handle,  # type: ignore[call-overload]
                        mode=ioargs.mode,
                        **compression_args,
                    )
    
            # BZ Compression
            elif compression == "bz2":
                # Overload of "BZ2File" to handle pickle protocol 5
                # "Union[str, BaseBuffer]", "str", "Dict[str, Any]"
                handle = get_bz2_file()(  # type: ignore[call-overload]
                    handle,
                    mode=ioargs.mode,
                    **compression_args,
                )
    
            # ZIP Compression
            elif compression == "zip":
                # error: Argument 1 to "_BytesZipFile" has incompatible type
                # "Union[str, BaseBuffer]"; expected "Union[Union[str, PathLike[str]],
                # ReadBuffer[bytes], WriteBuffer[bytes]]"
                handle = _BytesZipFile(
                    handle, ioargs.mode, **compression_args  # type: ignore[arg-type]
                )
                if handle.buffer.mode == "r":
                    handles.append(handle)
                    zip_names = handle.buffer.namelist()
                    if len(zip_names) == 1:
                        handle = handle.buffer.open(zip_names.pop())
                    elif not zip_names:
                        raise ValueError(f"Zero files found in ZIP file {path_or_buf}")
                    else:
                        raise ValueError(
                            "Multiple files found in ZIP file. "
                            f"Only one file per ZIP: {zip_names}"
                        )
    
            # TAR Encoding
            elif compression == "tar":
                compression_args.setdefault("mode", ioargs.mode)
                if isinstance(handle, str):
                    handle = _BytesTarFile(name=handle, **compression_args)
                else:
                    # error: Argument "fileobj" to "_BytesTarFile" has incompatible
                    # type "BaseBuffer"; expected "Union[ReadBuffer[bytes],
                    # WriteBuffer[bytes], None]"
                    handle = _BytesTarFile(
                        fileobj=handle, **compression_args  # type: ignore[arg-type]
                    )
                assert isinstance(handle, _BytesTarFile)
                if "r" in handle.buffer.mode:
                    handles.append(handle)
                    files = handle.buffer.getnames()
                    if len(files) == 1:
                        file = handle.buffer.extractfile(files[0])
                        assert file is not None
                        handle = file
                    elif not files:
                        raise ValueError(f"Zero files found in TAR archive {path_or_buf}")
                    else:
                        raise ValueError(
                            "Multiple files found in TAR archive. "
                            f"Only one file per TAR archive: {files}"
                        )
    
            # XZ Compression
            elif compression == "xz":
                # error: Argument 1 to "LZMAFile" has incompatible type "Union[str,
                # BaseBuffer]"; expected "Optional[Union[Union[str, bytes, PathLike[str],
                # PathLike[bytes]], IO[bytes]], None]"
                handle = get_lzma_file()(
                    handle, ioargs.mode, **compression_args  # type: ignore[arg-type]
                )
    
            # Zstd Compression
            elif compression == "zstd":
                zstd = import_optional_dependency("zstandard")
                if "r" in ioargs.mode:
                    open_args = {"dctx": zstd.ZstdDecompressor(**compression_args)}
                else:
                    open_args = {"cctx": zstd.ZstdCompressor(**compression_args)}
                handle = zstd.open(
                    handle,
                    mode=ioargs.mode,
                    **open_args,
                )
    
            # Unrecognized Compression
            else:
                msg = f"Unrecognized compression type: {compression}"
                raise ValueError(msg)
    
            assert not isinstance(handle, str)
            handles.append(handle)
    
        elif isinstance(handle, str):
            # Check whether the filename is to be opened in binary mode.
            # Binary mode does not support 'encoding' and 'newline'.
            if ioargs.encoding and "b" not in ioargs.mode:
                # Encoding
                handle = open(
                    handle,
                    ioargs.mode,
                    encoding=ioargs.encoding,
                    errors=errors,
                    newline="",
                )
            else:
                # Binary mode
>               handle = open(handle, ioargs.mode)
E               FileNotFoundError: [Errno 2] No such file or directory: ''

.venv\Lib\site-packages\pandas\io\common.py:882: FileNotFoundError
_ TestFileHandler.test_start_download_empty_input[bad_dest-bad_output-bad_input-1_thread-Polar_File_Handler] _

self = <spac_week9.tests.integration.test_file_handler.TestFileHandler object at 0x000001DFC4547440>
fh = <spac_week9.Polar_File_Handler.FileHandler object at 0x000001DFC75DAD20>
tnum = 1, p_input = '', p_output = '', p_dest = ''

    @pytest.mark.parametrize('p_input', ["", input], ids=["bad_input", "normal_input"])
    @pytest.mark.parametrize('p_output', ["", output], ids=["bad_output", "normal_output"])
    @pytest.mark.parametrize('p_dest', ["", dest], ids=["bad_dest", "normal_dest"])
    def test_start_download_empty_input(self, fh, tnum, p_input, p_output, p_dest):
        self.clean_slate()
    
        fh = fh(tnum)
>       fh.start_download(p_input, p_output, p_dest)

tests\integration\test_file_handler.py:167: 
_ _ _ _ _ _ _ _ _ _ _ _ _ _ _ _ _ _ _ _ _ _ _ _ _ _ _ _ _ _ _ _ _ _ _ _ _ _ _ _
Polar_File_Handler.py:37: in start_download
    file_data = pl.read_excel(source=url_file, columns= ["BRnum", "Pdf_URL", "Report Html Address"])
.venv\Lib\site-packages\polars\_utils\deprecation.py:92: in wrapper
    return function(*args, **kwargs)
.venv\Lib\site-packages\polars\_utils\deprecation.py:92: in wrapper
    return function(*args, **kwargs)
.venv\Lib\site-packages\polars\io\spreadsheet\functions.py:299: in read_excel
    return _read_spreadsheet(
.venv\Lib\site-packages\polars\io\spreadsheet\functions.py:529: in _read_spreadsheet
    reader_fn, parser, worksheets = _initialise_spreadsheet_parser(
.venv\Lib\site-packages\polars\io\spreadsheet\functions.py:715: in _initialise_spreadsheet_parser
    parser = fastexcel.read_excel(source, **engine_options)
_ _ _ _ _ _ _ _ _ _ _ _ _ _ _ _ _ _ _ _ _ _ _ _ _ _ _ _ _ _ _ _ _ _ _ _ _ _ _ _

source = ''

    def read_excel(source: Path | str | bytes) -> ExcelReader:
        """Opens and loads an excel file.
    
        :param source: The path to a file or its content as bytes
        """
        if isinstance(source, (str, Path)):
            source = expanduser(source)
>       return ExcelReader(_read_excel(source))
E       _fastexcel.CalamineError: calamine error: Cannot detect file format
E       Context:
E           0: Could not open workbook at 
E           1: could not load excel file at

.venv\Lib\site-packages\fastexcel\__init__.py:476: CalamineError
_ TestFileHandler.test_start_download_empty_input[bad_dest-bad_output-normal_input-10_threads-File_Handler] _

cls = <class 'pandas.io.excel._base.ExcelWriter'>, path = '', engine = None
date_format = None, datetime_format = None, mode = 'w', storage_options = None
if_sheet_exists = None, engine_kwargs = None

    def __new__(
        cls,
        path: FilePath | WriteExcelBuffer | ExcelWriter,
        engine: str | None = None,
        date_format: str | None = None,
        datetime_format: str | None = None,
        mode: str = "w",
        storage_options: StorageOptions | None = None,
        if_sheet_exists: ExcelWriterIfSheetExists | None = None,
        engine_kwargs: dict | None = None,
    ) -> Self:
        # only switch class if generic(ExcelWriter)
        if cls is ExcelWriter:
            if engine is None or (isinstance(engine, str) and engine == "auto"):
                if isinstance(path, str):
                    ext = os.path.splitext(path)[-1][1:]
                else:
                    ext = "xlsx"
    
                try:
>                   engine = config.get_option(f"io.excel.{ext}.writer", silent=True)

.venv\Lib\site-packages\pandas\io\excel\_base.py:1136: 
_ _ _ _ _ _ _ _ _ _ _ _ _ _ _ _ _ _ _ _ _ _ _ _ _ _ _ _ _ _ _ _ _ _ _ _ _ _ _ _
.venv\Lib\site-packages\pandas\_config\config.py:274: in __call__
    return self.__func__(*args, **kwds)
.venv\Lib\site-packages\pandas\_config\config.py:146: in _get_option
    key = _get_single_key(pat, silent)
_ _ _ _ _ _ _ _ _ _ _ _ _ _ _ _ _ _ _ _ _ _ _ _ _ _ _ _ _ _ _ _ _ _ _ _ _ _ _ _

pat = 'io.excel..writer', silent = True

    def _get_single_key(pat: str, silent: bool) -> str:
        keys = _select_options(pat)
        if len(keys) == 0:
            if not silent:
                _warn_if_deprecated(pat)
>           raise OptionError(f"No such keys(s): {repr(pat)}")
E           pandas._config.config.OptionError: No such keys(s): 'io.excel..writer'

.venv\Lib\site-packages\pandas\_config\config.py:132: OptionError

The above exception was the direct cause of the following exception:

self = <spac_week9.tests.integration.test_file_handler.TestFileHandler object at 0x000001DFC4547170>
fh = <spac_week9.File_Handler.FileHandler object at 0x000001DFC75DA9F0>
tnum = 10, p_input = 'customer_data\\GRI_2017_2020.xlsx', p_output = ''
p_dest = ''

    @pytest.mark.parametrize('p_input', ["", input], ids=["bad_input", "normal_input"])
    @pytest.mark.parametrize('p_output', ["", output], ids=["bad_output", "normal_output"])
    @pytest.mark.parametrize('p_dest', ["", dest], ids=["bad_dest", "normal_dest"])
    def test_start_download_empty_input(self, fh, tnum, p_input, p_output, p_dest):
        self.clean_slate()
    
        fh = fh(tnum)
>       fh.start_download(p_input, p_output, p_dest)

tests\integration\test_file_handler.py:167: 
_ _ _ _ _ _ _ _ _ _ _ _ _ _ _ _ _ _ _ _ _ _ _ _ _ _ _ _ _ _ _ _ _ _ _ _ _ _ _ _
File_Handler.py:91: in start_download
    with pd.ExcelWriter(meta_file,mode="w") as writer:
_ _ _ _ _ _ _ _ _ _ _ _ _ _ _ _ _ _ _ _ _ _ _ _ _ _ _ _ _ _ _ _ _ _ _ _ _ _ _ _

cls = <class 'pandas.io.excel._base.ExcelWriter'>, path = '', engine = None
date_format = None, datetime_format = None, mode = 'w', storage_options = None
if_sheet_exists = None, engine_kwargs = None

    def __new__(
        cls,
        path: FilePath | WriteExcelBuffer | ExcelWriter,
        engine: str | None = None,
        date_format: str | None = None,
        datetime_format: str | None = None,
        mode: str = "w",
        storage_options: StorageOptions | None = None,
        if_sheet_exists: ExcelWriterIfSheetExists | None = None,
        engine_kwargs: dict | None = None,
    ) -> Self:
        # only switch class if generic(ExcelWriter)
        if cls is ExcelWriter:
            if engine is None or (isinstance(engine, str) and engine == "auto"):
                if isinstance(path, str):
                    ext = os.path.splitext(path)[-1][1:]
                else:
                    ext = "xlsx"
    
                try:
                    engine = config.get_option(f"io.excel.{ext}.writer", silent=True)
                    if engine == "auto":
                        engine = get_default_engine(ext, mode="writer")
                except KeyError as err:
>                   raise ValueError(f"No engine for filetype: '{ext}'") from err
E                   ValueError: No engine for filetype: ''

.venv\Lib\site-packages\pandas\io\excel\_base.py:1140: ValueError
---------------------------- Captured stdout call -----------------------------
New meta data file will be created
_ TestFileHandler.test_start_download_empty_input[bad_dest-bad_output-normal_input-10_threads-Polar_File_Handler] _

self = <xlsxwriter.workbook.Workbook object at 0x000001DFC46773E0>

    def close(self):
        """
        Call finalization code and close file.
    
        Args:
            None.
    
        Returns:
            Nothing.
    
        """
        if not self.fileclosed:
            try:
>               self._store_workbook()

.venv\Lib\site-packages\xlsxwriter\workbook.py:352: 
_ _ _ _ _ _ _ _ _ _ _ _ _ _ _ _ _ _ _ _ _ _ _ _ _ _ _ _ _ _ _ _ _ _ _ _ _ _ _ _
.venv\Lib\site-packages\xlsxwriter\workbook.py:697: in _store_workbook
    raise e
.venv\Lib\site-packages\xlsxwriter\workbook.py:690: in _store_workbook
    xlsx_file = ZipFile(
_ _ _ _ _ _ _ _ _ _ _ _ _ _ _ _ _ _ _ _ _ _ _ _ _ _ _ _ _ _ _ _ _ _ _ _ _ _ _ _

self = <zipfile.ZipFile [closed]>, file = '', mode = 'w', compression = 8
allowZip64 = False, compresslevel = None

    def __init__(self, file, mode="r", compression=ZIP_STORED, allowZip64=True,
                 compresslevel=None, *, strict_timestamps=True, metadata_encoding=None):
        """Open the ZIP file with mode read 'r', write 'w', exclusive create 'x',
        or append 'a'."""
        if mode not in ('r', 'w', 'x', 'a'):
            raise ValueError("ZipFile requires mode 'r', 'w', 'x', or 'a'")
    
        _check_compression(compression)
    
        self._allowZip64 = allowZip64
        self._didModify = False
        self.debug = 0  # Level of printing: 0 through 3
        self.NameToInfo = {}    # Find file info given name
        self.filelist = []      # List of ZipInfo instances for archive
        self.compression = compression  # Method of compression
        self.compresslevel = compresslevel
        self.mode = mode
        self.pwd = None
        self._comment = b''
        self._strict_timestamps = strict_timestamps
        self.metadata_encoding = metadata_encoding
    
        # Check that we don't try to write with nonconforming codecs
        if self.metadata_encoding and mode != 'r':
            raise ValueError(
                "metadata_encoding is only supported for reading files")
    
        # Check if we were passed a file-like object
        if isinstance(file, os.PathLike):
            file = os.fspath(file)
        if isinstance(file, str):
            # No, it's a filename
            self._filePassed = 0
            self.filename = file
            modeDict = {'r' : 'rb', 'w': 'w+b', 'x': 'x+b', 'a' : 'r+b',
                        'r+b': 'w+b', 'w+b': 'wb', 'x+b': 'xb'}
            filemode = modeDict[mode]
            while True:
                try:
>                   self.fp = io.open(file, filemode)
E                   FileNotFoundError: [Errno 2] No such file or directory: ''

..\..\..\AppData\Local\Programs\Python\Python312\Lib\zipfile\__init__.py:1320: FileNotFoundError

During handling of the above exception, another exception occurred:

self = <spac_week9.tests.integration.test_file_handler.TestFileHandler object at 0x000001DFC4547980>
fh = <spac_week9.Polar_File_Handler.FileHandler object at 0x000001DFC66162D0>
tnum = 10, p_input = 'customer_data\\GRI_2017_2020.xlsx', p_output = ''
p_dest = ''

    @pytest.mark.parametrize('p_input', ["", input], ids=["bad_input", "normal_input"])
    @pytest.mark.parametrize('p_output', ["", output], ids=["bad_output", "normal_output"])
    @pytest.mark.parametrize('p_dest', ["", dest], ids=["bad_dest", "normal_dest"])
    def test_start_download_empty_input(self, fh, tnum, p_input, p_output, p_dest):
        self.clean_slate()
    
        fh = fh(tnum)
>       fh.start_download(p_input, p_output, p_dest)

tests\integration\test_file_handler.py:167: 
_ _ _ _ _ _ _ _ _ _ _ _ _ _ _ _ _ _ _ _ _ _ _ _ _ _ _ _ _ _ _ _ _ _ _ _ _ _ _ _
Polar_File_Handler.py:81: in start_download
    with Workbook(meta_file) as file:
.venv\Lib\site-packages\xlsxwriter\workbook.py:176: in __exit__
    self.close()
_ _ _ _ _ _ _ _ _ _ _ _ _ _ _ _ _ _ _ _ _ _ _ _ _ _ _ _ _ _ _ _ _ _ _ _ _ _ _ _

self = <xlsxwriter.workbook.Workbook object at 0x000001DFC46773E0>

    def close(self):
        """
        Call finalization code and close file.
    
        Args:
            None.
    
        Returns:
            Nothing.
    
        """
        if not self.fileclosed:
            try:
                self._store_workbook()
            except IOError as e:
>               raise FileCreateError(e)
E               xlsxwriter.exceptions.FileCreateError: [Errno 2] No such file or directory: ''

.venv\Lib\site-packages\xlsxwriter\workbook.py:354: FileCreateError
---------------------------- Captured stdout call -----------------------------
New meta data file will be created
_ TestFileHandler.test_start_download_empty_input[bad_dest-bad_output-normal_input-1_thread-File_Handler] _

cls = <class 'pandas.io.excel._base.ExcelWriter'>, path = '', engine = None
date_format = None, datetime_format = None, mode = 'w', storage_options = None
if_sheet_exists = None, engine_kwargs = None

    def __new__(
        cls,
        path: FilePath | WriteExcelBuffer | ExcelWriter,
        engine: str | None = None,
        date_format: str | None = None,
        datetime_format: str | None = None,
        mode: str = "w",
        storage_options: StorageOptions | None = None,
        if_sheet_exists: ExcelWriterIfSheetExists | None = None,
        engine_kwargs: dict | None = None,
    ) -> Self:
        # only switch class if generic(ExcelWriter)
        if cls is ExcelWriter:
            if engine is None or (isinstance(engine, str) and engine == "auto"):
                if isinstance(path, str):
                    ext = os.path.splitext(path)[-1][1:]
                else:
                    ext = "xlsx"
    
                try:
>                   engine = config.get_option(f"io.excel.{ext}.writer", silent=True)

.venv\Lib\site-packages\pandas\io\excel\_base.py:1136: 
_ _ _ _ _ _ _ _ _ _ _ _ _ _ _ _ _ _ _ _ _ _ _ _ _ _ _ _ _ _ _ _ _ _ _ _ _ _ _ _
.venv\Lib\site-packages\pandas\_config\config.py:274: in __call__
    return self.__func__(*args, **kwds)
.venv\Lib\site-packages\pandas\_config\config.py:146: in _get_option
    key = _get_single_key(pat, silent)
_ _ _ _ _ _ _ _ _ _ _ _ _ _ _ _ _ _ _ _ _ _ _ _ _ _ _ _ _ _ _ _ _ _ _ _ _ _ _ _

pat = 'io.excel..writer', silent = True

    def _get_single_key(pat: str, silent: bool) -> str:
        keys = _select_options(pat)
        if len(keys) == 0:
            if not silent:
                _warn_if_deprecated(pat)
>           raise OptionError(f"No such keys(s): {repr(pat)}")
E           pandas._config.config.OptionError: No such keys(s): 'io.excel..writer'

.venv\Lib\site-packages\pandas\_config\config.py:132: OptionError

The above exception was the direct cause of the following exception:

self = <spac_week9.tests.integration.test_file_handler.TestFileHandler object at 0x000001DFC4547A40>
fh = <spac_week9.File_Handler.FileHandler object at 0x000001DFC75DFFE0>
tnum = 1, p_input = 'customer_data\\GRI_2017_2020.xlsx', p_output = ''
p_dest = ''

    @pytest.mark.parametrize('p_input', ["", input], ids=["bad_input", "normal_input"])
    @pytest.mark.parametrize('p_output', ["", output], ids=["bad_output", "normal_output"])
    @pytest.mark.parametrize('p_dest', ["", dest], ids=["bad_dest", "normal_dest"])
    def test_start_download_empty_input(self, fh, tnum, p_input, p_output, p_dest):
        self.clean_slate()
    
        fh = fh(tnum)
>       fh.start_download(p_input, p_output, p_dest)

tests\integration\test_file_handler.py:167: 
_ _ _ _ _ _ _ _ _ _ _ _ _ _ _ _ _ _ _ _ _ _ _ _ _ _ _ _ _ _ _ _ _ _ _ _ _ _ _ _
File_Handler.py:91: in start_download
    with pd.ExcelWriter(meta_file,mode="w") as writer:
_ _ _ _ _ _ _ _ _ _ _ _ _ _ _ _ _ _ _ _ _ _ _ _ _ _ _ _ _ _ _ _ _ _ _ _ _ _ _ _

cls = <class 'pandas.io.excel._base.ExcelWriter'>, path = '', engine = None
date_format = None, datetime_format = None, mode = 'w', storage_options = None
if_sheet_exists = None, engine_kwargs = None

    def __new__(
        cls,
        path: FilePath | WriteExcelBuffer | ExcelWriter,
        engine: str | None = None,
        date_format: str | None = None,
        datetime_format: str | None = None,
        mode: str = "w",
        storage_options: StorageOptions | None = None,
        if_sheet_exists: ExcelWriterIfSheetExists | None = None,
        engine_kwargs: dict | None = None,
    ) -> Self:
        # only switch class if generic(ExcelWriter)
        if cls is ExcelWriter:
            if engine is None or (isinstance(engine, str) and engine == "auto"):
                if isinstance(path, str):
                    ext = os.path.splitext(path)[-1][1:]
                else:
                    ext = "xlsx"
    
                try:
                    engine = config.get_option(f"io.excel.{ext}.writer", silent=True)
                    if engine == "auto":
                        engine = get_default_engine(ext, mode="writer")
                except KeyError as err:
>                   raise ValueError(f"No engine for filetype: '{ext}'") from err
E                   ValueError: No engine for filetype: ''

.venv\Lib\site-packages\pandas\io\excel\_base.py:1140: ValueError
---------------------------- Captured stdout call -----------------------------
New meta data file will be created
_ TestFileHandler.test_start_download_empty_input[bad_dest-bad_output-normal_input-1_thread-Polar_File_Handler] _

self = <xlsxwriter.workbook.Workbook object at 0x000001DFC75DB620>

    def close(self):
        """
        Call finalization code and close file.
    
        Args:
            None.
    
        Returns:
            Nothing.
    
        """
        if not self.fileclosed:
            try:
>               self._store_workbook()

.venv\Lib\site-packages\xlsxwriter\workbook.py:352: 
_ _ _ _ _ _ _ _ _ _ _ _ _ _ _ _ _ _ _ _ _ _ _ _ _ _ _ _ _ _ _ _ _ _ _ _ _ _ _ _
.venv\Lib\site-packages\xlsxwriter\workbook.py:697: in _store_workbook
    raise e
.venv\Lib\site-packages\xlsxwriter\workbook.py:690: in _store_workbook
    xlsx_file = ZipFile(
_ _ _ _ _ _ _ _ _ _ _ _ _ _ _ _ _ _ _ _ _ _ _ _ _ _ _ _ _ _ _ _ _ _ _ _ _ _ _ _

self = <zipfile.ZipFile [closed]>, file = '', mode = 'w', compression = 8
allowZip64 = False, compresslevel = None

    def __init__(self, file, mode="r", compression=ZIP_STORED, allowZip64=True,
                 compresslevel=None, *, strict_timestamps=True, metadata_encoding=None):
        """Open the ZIP file with mode read 'r', write 'w', exclusive create 'x',
        or append 'a'."""
        if mode not in ('r', 'w', 'x', 'a'):
            raise ValueError("ZipFile requires mode 'r', 'w', 'x', or 'a'")
    
        _check_compression(compression)
    
        self._allowZip64 = allowZip64
        self._didModify = False
        self.debug = 0  # Level of printing: 0 through 3
        self.NameToInfo = {}    # Find file info given name
        self.filelist = []      # List of ZipInfo instances for archive
        self.compression = compression  # Method of compression
        self.compresslevel = compresslevel
        self.mode = mode
        self.pwd = None
        self._comment = b''
        self._strict_timestamps = strict_timestamps
        self.metadata_encoding = metadata_encoding
    
        # Check that we don't try to write with nonconforming codecs
        if self.metadata_encoding and mode != 'r':
            raise ValueError(
                "metadata_encoding is only supported for reading files")
    
        # Check if we were passed a file-like object
        if isinstance(file, os.PathLike):
            file = os.fspath(file)
        if isinstance(file, str):
            # No, it's a filename
            self._filePassed = 0
            self.filename = file
            modeDict = {'r' : 'rb', 'w': 'w+b', 'x': 'x+b', 'a' : 'r+b',
                        'r+b': 'w+b', 'w+b': 'wb', 'x+b': 'xb'}
            filemode = modeDict[mode]
            while True:
                try:
>                   self.fp = io.open(file, filemode)
E                   FileNotFoundError: [Errno 2] No such file or directory: ''

..\..\..\AppData\Local\Programs\Python\Python312\Lib\zipfile\__init__.py:1320: FileNotFoundError

During handling of the above exception, another exception occurred:

self = <spac_week9.tests.integration.test_file_handler.TestFileHandler object at 0x000001DFC4547B00>
fh = <spac_week9.Polar_File_Handler.FileHandler object at 0x000001DFC77F99D0>
tnum = 1, p_input = 'customer_data\\GRI_2017_2020.xlsx', p_output = ''
p_dest = ''

    @pytest.mark.parametrize('p_input', ["", input], ids=["bad_input", "normal_input"])
    @pytest.mark.parametrize('p_output', ["", output], ids=["bad_output", "normal_output"])
    @pytest.mark.parametrize('p_dest', ["", dest], ids=["bad_dest", "normal_dest"])
    def test_start_download_empty_input(self, fh, tnum, p_input, p_output, p_dest):
        self.clean_slate()
    
        fh = fh(tnum)
>       fh.start_download(p_input, p_output, p_dest)

tests\integration\test_file_handler.py:167: 
_ _ _ _ _ _ _ _ _ _ _ _ _ _ _ _ _ _ _ _ _ _ _ _ _ _ _ _ _ _ _ _ _ _ _ _ _ _ _ _
Polar_File_Handler.py:81: in start_download
    with Workbook(meta_file) as file:
.venv\Lib\site-packages\xlsxwriter\workbook.py:176: in __exit__
    self.close()
_ _ _ _ _ _ _ _ _ _ _ _ _ _ _ _ _ _ _ _ _ _ _ _ _ _ _ _ _ _ _ _ _ _ _ _ _ _ _ _

self = <xlsxwriter.workbook.Workbook object at 0x000001DFC75DB620>

    def close(self):
        """
        Call finalization code and close file.
    
        Args:
            None.
    
        Returns:
            Nothing.
    
        """
        if not self.fileclosed:
            try:
                self._store_workbook()
            except IOError as e:
>               raise FileCreateError(e)
E               xlsxwriter.exceptions.FileCreateError: [Errno 2] No such file or directory: ''

.venv\Lib\site-packages\xlsxwriter\workbook.py:354: FileCreateError
---------------------------- Captured stdout call -----------------------------
New meta data file will be created
_ TestFileHandler.test_start_download_empty_input[bad_dest-normal_output-bad_input-10_threads-File_Handler] _

self = <spac_week9.tests.integration.test_file_handler.TestFileHandler object at 0x000001DFC4547BC0>
fh = <spac_week9.File_Handler.FileHandler object at 0x000001DFC77F94C0>
tnum = 10, p_input = '', p_output = 'tests\\integration\\Metadata2017_2020.xlsx'
p_dest = ''

    @pytest.mark.parametrize('p_input', ["", input], ids=["bad_input", "normal_input"])
    @pytest.mark.parametrize('p_output', ["", output], ids=["bad_output", "normal_output"])
    @pytest.mark.parametrize('p_dest', ["", dest], ids=["bad_dest", "normal_dest"])
    def test_start_download_empty_input(self, fh, tnum, p_input, p_output, p_dest):
        self.clean_slate()
    
        fh = fh(tnum)
>       fh.start_download(p_input, p_output, p_dest)

tests\integration\test_file_handler.py:167: 
_ _ _ _ _ _ _ _ _ _ _ _ _ _ _ _ _ _ _ _ _ _ _ _ _ _ _ _ _ _ _ _ _ _ _ _ _ _ _ _
File_Handler.py:44: in start_download
    file_data = pd.read_excel(url_file,index_col = ID)
.venv\Lib\site-packages\pandas\io\excel\_base.py:495: in read_excel
    io = ExcelFile(
.venv\Lib\site-packages\pandas\io\excel\_base.py:1550: in __init__
    ext = inspect_excel_format(
.venv\Lib\site-packages\pandas\io\excel\_base.py:1402: in inspect_excel_format
    with get_handle(
_ _ _ _ _ _ _ _ _ _ _ _ _ _ _ _ _ _ _ _ _ _ _ _ _ _ _ _ _ _ _ _ _ _ _ _ _ _ _ _

path_or_buf = '', mode = 'rb'

    @doc(compression_options=_shared_docs["compression_options"] % "path_or_buf")
    def get_handle(
        path_or_buf: FilePath | BaseBuffer,
        mode: str,
        *,
        encoding: str | None = None,
        compression: CompressionOptions | None = None,
        memory_map: bool = False,
        is_text: bool = True,
        errors: str | None = None,
        storage_options: StorageOptions | None = None,
    ) -> IOHandles[str] | IOHandles[bytes]:
        """
        Get file handle for given path/buffer and mode.
    
        Parameters
        ----------
        path_or_buf : str or file handle
            File path or object.
        mode : str
            Mode to open path_or_buf with.
        encoding : str or None
            Encoding to use.
        {compression_options}
    
               May be a dict with key 'method' as compression mode
               and other keys as compression options if compression
               mode is 'zip'.
    
               Passing compression options as keys in dict is
               supported for compression modes 'gzip', 'bz2', 'zstd' and 'zip'.
    
            .. versionchanged:: 1.4.0 Zstandard support.
    
        memory_map : bool, default False
            See parsers._parser_params for more information. Only used by read_csv.
        is_text : bool, default True
            Whether the type of the content passed to the file/buffer is string or
            bytes. This is not the same as `"b" not in mode`. If a string content is
            passed to a binary file/buffer, a wrapper is inserted.
        errors : str, default 'strict'
            Specifies how encoding and decoding errors are to be handled.
            See the errors argument for :func:`open` for a full list
            of options.
        storage_options: StorageOptions = None
            Passed to _get_filepath_or_buffer
    
        Returns the dataclass IOHandles
        """
        # Windows does not default to utf-8. Set to utf-8 for a consistent behavior
        encoding = encoding or "utf-8"
    
        errors = errors or "strict"
    
        # read_csv does not know whether the buffer is opened in binary/text mode
        if _is_binary_mode(path_or_buf, mode) and "b" not in mode:
            mode += "b"
    
        # validate encoding and errors
        codecs.lookup(encoding)
        if isinstance(errors, str):
            codecs.lookup_error(errors)
    
        # open URLs
        ioargs = _get_filepath_or_buffer(
            path_or_buf,
            encoding=encoding,
            compression=compression,
            mode=mode,
            storage_options=storage_options,
        )
    
        handle = ioargs.filepath_or_buffer
        handles: list[BaseBuffer]
    
        # memory mapping needs to be the first step
        # only used for read_csv
        handle, memory_map, handles = _maybe_memory_map(handle, memory_map)
    
        is_path = isinstance(handle, str)
        compression_args = dict(ioargs.compression)
        compression = compression_args.pop("method")
    
        # Only for write methods
        if "r" not in mode and is_path:
            check_parent_directory(str(handle))
    
        if compression:
            if compression != "zstd":
                # compression libraries do not like an explicit text-mode
                ioargs.mode = ioargs.mode.replace("t", "")
            elif compression == "zstd" and "b" not in ioargs.mode:
                # python-zstandard defaults to text mode, but we always expect
                # compression libraries to use binary mode.
                ioargs.mode += "b"
    
            # GZ Compression
            if compression == "gzip":
                if isinstance(handle, str):
                    # error: Incompatible types in assignment (expression has type
                    # "GzipFile", variable has type "Union[str, BaseBuffer]")
                    handle = gzip.GzipFile(  # type: ignore[assignment]
                        filename=handle,
                        mode=ioargs.mode,
                        **compression_args,
                    )
                else:
                    handle = gzip.GzipFile(
                        # No overload variant of "GzipFile" matches argument types
                        # "Union[str, BaseBuffer]", "str", "Dict[str, Any]"
                        fileobj=handle,  # type: ignore[call-overload]
                        mode=ioargs.mode,
                        **compression_args,
                    )
    
            # BZ Compression
            elif compression == "bz2":
                # Overload of "BZ2File" to handle pickle protocol 5
                # "Union[str, BaseBuffer]", "str", "Dict[str, Any]"
                handle = get_bz2_file()(  # type: ignore[call-overload]
                    handle,
                    mode=ioargs.mode,
                    **compression_args,
                )
    
            # ZIP Compression
            elif compression == "zip":
                # error: Argument 1 to "_BytesZipFile" has incompatible type
                # "Union[str, BaseBuffer]"; expected "Union[Union[str, PathLike[str]],
                # ReadBuffer[bytes], WriteBuffer[bytes]]"
                handle = _BytesZipFile(
                    handle, ioargs.mode, **compression_args  # type: ignore[arg-type]
                )
                if handle.buffer.mode == "r":
                    handles.append(handle)
                    zip_names = handle.buffer.namelist()
                    if len(zip_names) == 1:
                        handle = handle.buffer.open(zip_names.pop())
                    elif not zip_names:
                        raise ValueError(f"Zero files found in ZIP file {path_or_buf}")
                    else:
                        raise ValueError(
                            "Multiple files found in ZIP file. "
                            f"Only one file per ZIP: {zip_names}"
                        )
    
            # TAR Encoding
            elif compression == "tar":
                compression_args.setdefault("mode", ioargs.mode)
                if isinstance(handle, str):
                    handle = _BytesTarFile(name=handle, **compression_args)
                else:
                    # error: Argument "fileobj" to "_BytesTarFile" has incompatible
                    # type "BaseBuffer"; expected "Union[ReadBuffer[bytes],
                    # WriteBuffer[bytes], None]"
                    handle = _BytesTarFile(
                        fileobj=handle, **compression_args  # type: ignore[arg-type]
                    )
                assert isinstance(handle, _BytesTarFile)
                if "r" in handle.buffer.mode:
                    handles.append(handle)
                    files = handle.buffer.getnames()
                    if len(files) == 1:
                        file = handle.buffer.extractfile(files[0])
                        assert file is not None
                        handle = file
                    elif not files:
                        raise ValueError(f"Zero files found in TAR archive {path_or_buf}")
                    else:
                        raise ValueError(
                            "Multiple files found in TAR archive. "
                            f"Only one file per TAR archive: {files}"
                        )
    
            # XZ Compression
            elif compression == "xz":
                # error: Argument 1 to "LZMAFile" has incompatible type "Union[str,
                # BaseBuffer]"; expected "Optional[Union[Union[str, bytes, PathLike[str],
                # PathLike[bytes]], IO[bytes]], None]"
                handle = get_lzma_file()(
                    handle, ioargs.mode, **compression_args  # type: ignore[arg-type]
                )
    
            # Zstd Compression
            elif compression == "zstd":
                zstd = import_optional_dependency("zstandard")
                if "r" in ioargs.mode:
                    open_args = {"dctx": zstd.ZstdDecompressor(**compression_args)}
                else:
                    open_args = {"cctx": zstd.ZstdCompressor(**compression_args)}
                handle = zstd.open(
                    handle,
                    mode=ioargs.mode,
                    **open_args,
                )
    
            # Unrecognized Compression
            else:
                msg = f"Unrecognized compression type: {compression}"
                raise ValueError(msg)
    
            assert not isinstance(handle, str)
            handles.append(handle)
    
        elif isinstance(handle, str):
            # Check whether the filename is to be opened in binary mode.
            # Binary mode does not support 'encoding' and 'newline'.
            if ioargs.encoding and "b" not in ioargs.mode:
                # Encoding
                handle = open(
                    handle,
                    ioargs.mode,
                    encoding=ioargs.encoding,
                    errors=errors,
                    newline="",
                )
            else:
                # Binary mode
>               handle = open(handle, ioargs.mode)
E               FileNotFoundError: [Errno 2] No such file or directory: ''

.venv\Lib\site-packages\pandas\io\common.py:882: FileNotFoundError
_ TestFileHandler.test_start_download_empty_input[bad_dest-normal_output-bad_input-10_threads-Polar_File_Handler] _

self = <spac_week9.tests.integration.test_file_handler.TestFileHandler object at 0x000001DFC4547C80>
fh = <spac_week9.Polar_File_Handler.FileHandler object at 0x000001DFC77F9220>
tnum = 10, p_input = '', p_output = 'tests\\integration\\Metadata2017_2020.xlsx'
p_dest = ''

    @pytest.mark.parametrize('p_input', ["", input], ids=["bad_input", "normal_input"])
    @pytest.mark.parametrize('p_output', ["", output], ids=["bad_output", "normal_output"])
    @pytest.mark.parametrize('p_dest', ["", dest], ids=["bad_dest", "normal_dest"])
    def test_start_download_empty_input(self, fh, tnum, p_input, p_output, p_dest):
        self.clean_slate()
    
        fh = fh(tnum)
>       fh.start_download(p_input, p_output, p_dest)

tests\integration\test_file_handler.py:167: 
_ _ _ _ _ _ _ _ _ _ _ _ _ _ _ _ _ _ _ _ _ _ _ _ _ _ _ _ _ _ _ _ _ _ _ _ _ _ _ _
Polar_File_Handler.py:37: in start_download
    file_data = pl.read_excel(source=url_file, columns= ["BRnum", "Pdf_URL", "Report Html Address"])
.venv\Lib\site-packages\polars\_utils\deprecation.py:92: in wrapper
    return function(*args, **kwargs)
.venv\Lib\site-packages\polars\_utils\deprecation.py:92: in wrapper
    return function(*args, **kwargs)
.venv\Lib\site-packages\polars\io\spreadsheet\functions.py:299: in read_excel
    return _read_spreadsheet(
.venv\Lib\site-packages\polars\io\spreadsheet\functions.py:529: in _read_spreadsheet
    reader_fn, parser, worksheets = _initialise_spreadsheet_parser(
.venv\Lib\site-packages\polars\io\spreadsheet\functions.py:715: in _initialise_spreadsheet_parser
    parser = fastexcel.read_excel(source, **engine_options)
_ _ _ _ _ _ _ _ _ _ _ _ _ _ _ _ _ _ _ _ _ _ _ _ _ _ _ _ _ _ _ _ _ _ _ _ _ _ _ _

source = ''

    def read_excel(source: Path | str | bytes) -> ExcelReader:
        """Opens and loads an excel file.
    
        :param source: The path to a file or its content as bytes
        """
        if isinstance(source, (str, Path)):
            source = expanduser(source)
>       return ExcelReader(_read_excel(source))
E       _fastexcel.CalamineError: calamine error: Cannot detect file format
E       Context:
E           0: Could not open workbook at 
E           1: could not load excel file at

.venv\Lib\site-packages\fastexcel\__init__.py:476: CalamineError
_ TestFileHandler.test_start_download_empty_input[bad_dest-normal_output-bad_input-1_thread-File_Handler] _

self = <spac_week9.tests.integration.test_file_handler.TestFileHandler object at 0x000001DFC4547D40>
fh = <spac_week9.File_Handler.FileHandler object at 0x000001DFC77F8290>
tnum = 1, p_input = '', p_output = 'tests\\integration\\Metadata2017_2020.xlsx'
p_dest = ''

    @pytest.mark.parametrize('p_input', ["", input], ids=["bad_input", "normal_input"])
    @pytest.mark.parametrize('p_output', ["", output], ids=["bad_output", "normal_output"])
    @pytest.mark.parametrize('p_dest', ["", dest], ids=["bad_dest", "normal_dest"])
    def test_start_download_empty_input(self, fh, tnum, p_input, p_output, p_dest):
        self.clean_slate()
    
        fh = fh(tnum)
>       fh.start_download(p_input, p_output, p_dest)

tests\integration\test_file_handler.py:167: 
_ _ _ _ _ _ _ _ _ _ _ _ _ _ _ _ _ _ _ _ _ _ _ _ _ _ _ _ _ _ _ _ _ _ _ _ _ _ _ _
File_Handler.py:44: in start_download
    file_data = pd.read_excel(url_file,index_col = ID)
.venv\Lib\site-packages\pandas\io\excel\_base.py:495: in read_excel
    io = ExcelFile(
.venv\Lib\site-packages\pandas\io\excel\_base.py:1550: in __init__
    ext = inspect_excel_format(
.venv\Lib\site-packages\pandas\io\excel\_base.py:1402: in inspect_excel_format
    with get_handle(
_ _ _ _ _ _ _ _ _ _ _ _ _ _ _ _ _ _ _ _ _ _ _ _ _ _ _ _ _ _ _ _ _ _ _ _ _ _ _ _

path_or_buf = '', mode = 'rb'

    @doc(compression_options=_shared_docs["compression_options"] % "path_or_buf")
    def get_handle(
        path_or_buf: FilePath | BaseBuffer,
        mode: str,
        *,
        encoding: str | None = None,
        compression: CompressionOptions | None = None,
        memory_map: bool = False,
        is_text: bool = True,
        errors: str | None = None,
        storage_options: StorageOptions | None = None,
    ) -> IOHandles[str] | IOHandles[bytes]:
        """
        Get file handle for given path/buffer and mode.
    
        Parameters
        ----------
        path_or_buf : str or file handle
            File path or object.
        mode : str
            Mode to open path_or_buf with.
        encoding : str or None
            Encoding to use.
        {compression_options}
    
               May be a dict with key 'method' as compression mode
               and other keys as compression options if compression
               mode is 'zip'.
    
               Passing compression options as keys in dict is
               supported for compression modes 'gzip', 'bz2', 'zstd' and 'zip'.
    
            .. versionchanged:: 1.4.0 Zstandard support.
    
        memory_map : bool, default False
            See parsers._parser_params for more information. Only used by read_csv.
        is_text : bool, default True
            Whether the type of the content passed to the file/buffer is string or
            bytes. This is not the same as `"b" not in mode`. If a string content is
            passed to a binary file/buffer, a wrapper is inserted.
        errors : str, default 'strict'
            Specifies how encoding and decoding errors are to be handled.
            See the errors argument for :func:`open` for a full list
            of options.
        storage_options: StorageOptions = None
            Passed to _get_filepath_or_buffer
    
        Returns the dataclass IOHandles
        """
        # Windows does not default to utf-8. Set to utf-8 for a consistent behavior
        encoding = encoding or "utf-8"
    
        errors = errors or "strict"
    
        # read_csv does not know whether the buffer is opened in binary/text mode
        if _is_binary_mode(path_or_buf, mode) and "b" not in mode:
            mode += "b"
    
        # validate encoding and errors
        codecs.lookup(encoding)
        if isinstance(errors, str):
            codecs.lookup_error(errors)
    
        # open URLs
        ioargs = _get_filepath_or_buffer(
            path_or_buf,
            encoding=encoding,
            compression=compression,
            mode=mode,
            storage_options=storage_options,
        )
    
        handle = ioargs.filepath_or_buffer
        handles: list[BaseBuffer]
    
        # memory mapping needs to be the first step
        # only used for read_csv
        handle, memory_map, handles = _maybe_memory_map(handle, memory_map)
    
        is_path = isinstance(handle, str)
        compression_args = dict(ioargs.compression)
        compression = compression_args.pop("method")
    
        # Only for write methods
        if "r" not in mode and is_path:
            check_parent_directory(str(handle))
    
        if compression:
            if compression != "zstd":
                # compression libraries do not like an explicit text-mode
                ioargs.mode = ioargs.mode.replace("t", "")
            elif compression == "zstd" and "b" not in ioargs.mode:
                # python-zstandard defaults to text mode, but we always expect
                # compression libraries to use binary mode.
                ioargs.mode += "b"
    
            # GZ Compression
            if compression == "gzip":
                if isinstance(handle, str):
                    # error: Incompatible types in assignment (expression has type
                    # "GzipFile", variable has type "Union[str, BaseBuffer]")
                    handle = gzip.GzipFile(  # type: ignore[assignment]
                        filename=handle,
                        mode=ioargs.mode,
                        **compression_args,
                    )
                else:
                    handle = gzip.GzipFile(
                        # No overload variant of "GzipFile" matches argument types
                        # "Union[str, BaseBuffer]", "str", "Dict[str, Any]"
                        fileobj=handle,  # type: ignore[call-overload]
                        mode=ioargs.mode,
                        **compression_args,
                    )
    
            # BZ Compression
            elif compression == "bz2":
                # Overload of "BZ2File" to handle pickle protocol 5
                # "Union[str, BaseBuffer]", "str", "Dict[str, Any]"
                handle = get_bz2_file()(  # type: ignore[call-overload]
                    handle,
                    mode=ioargs.mode,
                    **compression_args,
                )
    
            # ZIP Compression
            elif compression == "zip":
                # error: Argument 1 to "_BytesZipFile" has incompatible type
                # "Union[str, BaseBuffer]"; expected "Union[Union[str, PathLike[str]],
                # ReadBuffer[bytes], WriteBuffer[bytes]]"
                handle = _BytesZipFile(
                    handle, ioargs.mode, **compression_args  # type: ignore[arg-type]
                )
                if handle.buffer.mode == "r":
                    handles.append(handle)
                    zip_names = handle.buffer.namelist()
                    if len(zip_names) == 1:
                        handle = handle.buffer.open(zip_names.pop())
                    elif not zip_names:
                        raise ValueError(f"Zero files found in ZIP file {path_or_buf}")
                    else:
                        raise ValueError(
                            "Multiple files found in ZIP file. "
                            f"Only one file per ZIP: {zip_names}"
                        )
    
            # TAR Encoding
            elif compression == "tar":
                compression_args.setdefault("mode", ioargs.mode)
                if isinstance(handle, str):
                    handle = _BytesTarFile(name=handle, **compression_args)
                else:
                    # error: Argument "fileobj" to "_BytesTarFile" has incompatible
                    # type "BaseBuffer"; expected "Union[ReadBuffer[bytes],
                    # WriteBuffer[bytes], None]"
                    handle = _BytesTarFile(
                        fileobj=handle, **compression_args  # type: ignore[arg-type]
                    )
                assert isinstance(handle, _BytesTarFile)
                if "r" in handle.buffer.mode:
                    handles.append(handle)
                    files = handle.buffer.getnames()
                    if len(files) == 1:
                        file = handle.buffer.extractfile(files[0])
                        assert file is not None
                        handle = file
                    elif not files:
                        raise ValueError(f"Zero files found in TAR archive {path_or_buf}")
                    else:
                        raise ValueError(
                            "Multiple files found in TAR archive. "
                            f"Only one file per TAR archive: {files}"
                        )
    
            # XZ Compression
            elif compression == "xz":
                # error: Argument 1 to "LZMAFile" has incompatible type "Union[str,
                # BaseBuffer]"; expected "Optional[Union[Union[str, bytes, PathLike[str],
                # PathLike[bytes]], IO[bytes]], None]"
                handle = get_lzma_file()(
                    handle, ioargs.mode, **compression_args  # type: ignore[arg-type]
                )
    
            # Zstd Compression
            elif compression == "zstd":
                zstd = import_optional_dependency("zstandard")
                if "r" in ioargs.mode:
                    open_args = {"dctx": zstd.ZstdDecompressor(**compression_args)}
                else:
                    open_args = {"cctx": zstd.ZstdCompressor(**compression_args)}
                handle = zstd.open(
                    handle,
                    mode=ioargs.mode,
                    **open_args,
                )
    
            # Unrecognized Compression
            else:
                msg = f"Unrecognized compression type: {compression}"
                raise ValueError(msg)
    
            assert not isinstance(handle, str)
            handles.append(handle)
    
        elif isinstance(handle, str):
            # Check whether the filename is to be opened in binary mode.
            # Binary mode does not support 'encoding' and 'newline'.
            if ioargs.encoding and "b" not in ioargs.mode:
                # Encoding
                handle = open(
                    handle,
                    ioargs.mode,
                    encoding=ioargs.encoding,
                    errors=errors,
                    newline="",
                )
            else:
                # Binary mode
>               handle = open(handle, ioargs.mode)
E               FileNotFoundError: [Errno 2] No such file or directory: ''

.venv\Lib\site-packages\pandas\io\common.py:882: FileNotFoundError
_ TestFileHandler.test_start_download_empty_input[bad_dest-normal_output-bad_input-1_thread-Polar_File_Handler] _

self = <spac_week9.tests.integration.test_file_handler.TestFileHandler object at 0x000001DFC4547E00>
fh = <spac_week9.Polar_File_Handler.FileHandler object at 0x000001DFC75DC680>
tnum = 1, p_input = '', p_output = 'tests\\integration\\Metadata2017_2020.xlsx'
p_dest = ''

    @pytest.mark.parametrize('p_input', ["", input], ids=["bad_input", "normal_input"])
    @pytest.mark.parametrize('p_output', ["", output], ids=["bad_output", "normal_output"])
    @pytest.mark.parametrize('p_dest', ["", dest], ids=["bad_dest", "normal_dest"])
    def test_start_download_empty_input(self, fh, tnum, p_input, p_output, p_dest):
        self.clean_slate()
    
        fh = fh(tnum)
>       fh.start_download(p_input, p_output, p_dest)

tests\integration\test_file_handler.py:167: 
_ _ _ _ _ _ _ _ _ _ _ _ _ _ _ _ _ _ _ _ _ _ _ _ _ _ _ _ _ _ _ _ _ _ _ _ _ _ _ _
Polar_File_Handler.py:37: in start_download
    file_data = pl.read_excel(source=url_file, columns= ["BRnum", "Pdf_URL", "Report Html Address"])
.venv\Lib\site-packages\polars\_utils\deprecation.py:92: in wrapper
    return function(*args, **kwargs)
.venv\Lib\site-packages\polars\_utils\deprecation.py:92: in wrapper
    return function(*args, **kwargs)
.venv\Lib\site-packages\polars\io\spreadsheet\functions.py:299: in read_excel
    return _read_spreadsheet(
.venv\Lib\site-packages\polars\io\spreadsheet\functions.py:529: in _read_spreadsheet
    reader_fn, parser, worksheets = _initialise_spreadsheet_parser(
.venv\Lib\site-packages\polars\io\spreadsheet\functions.py:715: in _initialise_spreadsheet_parser
    parser = fastexcel.read_excel(source, **engine_options)
_ _ _ _ _ _ _ _ _ _ _ _ _ _ _ _ _ _ _ _ _ _ _ _ _ _ _ _ _ _ _ _ _ _ _ _ _ _ _ _

source = ''

    def read_excel(source: Path | str | bytes) -> ExcelReader:
        """Opens and loads an excel file.
    
        :param source: The path to a file or its content as bytes
        """
        if isinstance(source, (str, Path)):
            source = expanduser(source)
>       return ExcelReader(_read_excel(source))
E       _fastexcel.CalamineError: calamine error: Cannot detect file format
E       Context:
E           0: Could not open workbook at 
E           1: could not load excel file at

.venv\Lib\site-packages\fastexcel\__init__.py:476: CalamineError
_ TestFileHandler.test_start_download_empty_input[normal_dest-bad_output-bad_input-10_threads-File_Handler] _

self = <spac_week9.tests.integration.test_file_handler.TestFileHandler object at 0x000001DFC458C200>
fh = <spac_week9.File_Handler.FileHandler object at 0x000001DFC75A9760>
tnum = 10, p_input = '', p_output = '', p_dest = 'tests\\integration\\files'

    @pytest.mark.parametrize('p_input', ["", input], ids=["bad_input", "normal_input"])
    @pytest.mark.parametrize('p_output', ["", output], ids=["bad_output", "normal_output"])
    @pytest.mark.parametrize('p_dest', ["", dest], ids=["bad_dest", "normal_dest"])
    def test_start_download_empty_input(self, fh, tnum, p_input, p_output, p_dest):
        self.clean_slate()
    
        fh = fh(tnum)
>       fh.start_download(p_input, p_output, p_dest)

tests\integration\test_file_handler.py:167: 
_ _ _ _ _ _ _ _ _ _ _ _ _ _ _ _ _ _ _ _ _ _ _ _ _ _ _ _ _ _ _ _ _ _ _ _ _ _ _ _
File_Handler.py:44: in start_download
    file_data = pd.read_excel(url_file,index_col = ID)
.venv\Lib\site-packages\pandas\io\excel\_base.py:495: in read_excel
    io = ExcelFile(
.venv\Lib\site-packages\pandas\io\excel\_base.py:1550: in __init__
    ext = inspect_excel_format(
.venv\Lib\site-packages\pandas\io\excel\_base.py:1402: in inspect_excel_format
    with get_handle(
_ _ _ _ _ _ _ _ _ _ _ _ _ _ _ _ _ _ _ _ _ _ _ _ _ _ _ _ _ _ _ _ _ _ _ _ _ _ _ _

path_or_buf = '', mode = 'rb'

    @doc(compression_options=_shared_docs["compression_options"] % "path_or_buf")
    def get_handle(
        path_or_buf: FilePath | BaseBuffer,
        mode: str,
        *,
        encoding: str | None = None,
        compression: CompressionOptions | None = None,
        memory_map: bool = False,
        is_text: bool = True,
        errors: str | None = None,
        storage_options: StorageOptions | None = None,
    ) -> IOHandles[str] | IOHandles[bytes]:
        """
        Get file handle for given path/buffer and mode.
    
        Parameters
        ----------
        path_or_buf : str or file handle
            File path or object.
        mode : str
            Mode to open path_or_buf with.
        encoding : str or None
            Encoding to use.
        {compression_options}
    
               May be a dict with key 'method' as compression mode
               and other keys as compression options if compression
               mode is 'zip'.
    
               Passing compression options as keys in dict is
               supported for compression modes 'gzip', 'bz2', 'zstd' and 'zip'.
    
            .. versionchanged:: 1.4.0 Zstandard support.
    
        memory_map : bool, default False
            See parsers._parser_params for more information. Only used by read_csv.
        is_text : bool, default True
            Whether the type of the content passed to the file/buffer is string or
            bytes. This is not the same as `"b" not in mode`. If a string content is
            passed to a binary file/buffer, a wrapper is inserted.
        errors : str, default 'strict'
            Specifies how encoding and decoding errors are to be handled.
            See the errors argument for :func:`open` for a full list
            of options.
        storage_options: StorageOptions = None
            Passed to _get_filepath_or_buffer
    
        Returns the dataclass IOHandles
        """
        # Windows does not default to utf-8. Set to utf-8 for a consistent behavior
        encoding = encoding or "utf-8"
    
        errors = errors or "strict"
    
        # read_csv does not know whether the buffer is opened in binary/text mode
        if _is_binary_mode(path_or_buf, mode) and "b" not in mode:
            mode += "b"
    
        # validate encoding and errors
        codecs.lookup(encoding)
        if isinstance(errors, str):
            codecs.lookup_error(errors)
    
        # open URLs
        ioargs = _get_filepath_or_buffer(
            path_or_buf,
            encoding=encoding,
            compression=compression,
            mode=mode,
            storage_options=storage_options,
        )
    
        handle = ioargs.filepath_or_buffer
        handles: list[BaseBuffer]
    
        # memory mapping needs to be the first step
        # only used for read_csv
        handle, memory_map, handles = _maybe_memory_map(handle, memory_map)
    
        is_path = isinstance(handle, str)
        compression_args = dict(ioargs.compression)
        compression = compression_args.pop("method")
    
        # Only for write methods
        if "r" not in mode and is_path:
            check_parent_directory(str(handle))
    
        if compression:
            if compression != "zstd":
                # compression libraries do not like an explicit text-mode
                ioargs.mode = ioargs.mode.replace("t", "")
            elif compression == "zstd" and "b" not in ioargs.mode:
                # python-zstandard defaults to text mode, but we always expect
                # compression libraries to use binary mode.
                ioargs.mode += "b"
    
            # GZ Compression
            if compression == "gzip":
                if isinstance(handle, str):
                    # error: Incompatible types in assignment (expression has type
                    # "GzipFile", variable has type "Union[str, BaseBuffer]")
                    handle = gzip.GzipFile(  # type: ignore[assignment]
                        filename=handle,
                        mode=ioargs.mode,
                        **compression_args,
                    )
                else:
                    handle = gzip.GzipFile(
                        # No overload variant of "GzipFile" matches argument types
                        # "Union[str, BaseBuffer]", "str", "Dict[str, Any]"
                        fileobj=handle,  # type: ignore[call-overload]
                        mode=ioargs.mode,
                        **compression_args,
                    )
    
            # BZ Compression
            elif compression == "bz2":
                # Overload of "BZ2File" to handle pickle protocol 5
                # "Union[str, BaseBuffer]", "str", "Dict[str, Any]"
                handle = get_bz2_file()(  # type: ignore[call-overload]
                    handle,
                    mode=ioargs.mode,
                    **compression_args,
                )
    
            # ZIP Compression
            elif compression == "zip":
                # error: Argument 1 to "_BytesZipFile" has incompatible type
                # "Union[str, BaseBuffer]"; expected "Union[Union[str, PathLike[str]],
                # ReadBuffer[bytes], WriteBuffer[bytes]]"
                handle = _BytesZipFile(
                    handle, ioargs.mode, **compression_args  # type: ignore[arg-type]
                )
                if handle.buffer.mode == "r":
                    handles.append(handle)
                    zip_names = handle.buffer.namelist()
                    if len(zip_names) == 1:
                        handle = handle.buffer.open(zip_names.pop())
                    elif not zip_names:
                        raise ValueError(f"Zero files found in ZIP file {path_or_buf}")
                    else:
                        raise ValueError(
                            "Multiple files found in ZIP file. "
                            f"Only one file per ZIP: {zip_names}"
                        )
    
            # TAR Encoding
            elif compression == "tar":
                compression_args.setdefault("mode", ioargs.mode)
                if isinstance(handle, str):
                    handle = _BytesTarFile(name=handle, **compression_args)
                else:
                    # error: Argument "fileobj" to "_BytesTarFile" has incompatible
                    # type "BaseBuffer"; expected "Union[ReadBuffer[bytes],
                    # WriteBuffer[bytes], None]"
                    handle = _BytesTarFile(
                        fileobj=handle, **compression_args  # type: ignore[arg-type]
                    )
                assert isinstance(handle, _BytesTarFile)
                if "r" in handle.buffer.mode:
                    handles.append(handle)
                    files = handle.buffer.getnames()
                    if len(files) == 1:
                        file = handle.buffer.extractfile(files[0])
                        assert file is not None
                        handle = file
                    elif not files:
                        raise ValueError(f"Zero files found in TAR archive {path_or_buf}")
                    else:
                        raise ValueError(
                            "Multiple files found in TAR archive. "
                            f"Only one file per TAR archive: {files}"
                        )
    
            # XZ Compression
            elif compression == "xz":
                # error: Argument 1 to "LZMAFile" has incompatible type "Union[str,
                # BaseBuffer]"; expected "Optional[Union[Union[str, bytes, PathLike[str],
                # PathLike[bytes]], IO[bytes]], None]"
                handle = get_lzma_file()(
                    handle, ioargs.mode, **compression_args  # type: ignore[arg-type]
                )
    
            # Zstd Compression
            elif compression == "zstd":
                zstd = import_optional_dependency("zstandard")
                if "r" in ioargs.mode:
                    open_args = {"dctx": zstd.ZstdDecompressor(**compression_args)}
                else:
                    open_args = {"cctx": zstd.ZstdCompressor(**compression_args)}
                handle = zstd.open(
                    handle,
                    mode=ioargs.mode,
                    **open_args,
                )
    
            # Unrecognized Compression
            else:
                msg = f"Unrecognized compression type: {compression}"
                raise ValueError(msg)
    
            assert not isinstance(handle, str)
            handles.append(handle)
    
        elif isinstance(handle, str):
            # Check whether the filename is to be opened in binary mode.
            # Binary mode does not support 'encoding' and 'newline'.
            if ioargs.encoding and "b" not in ioargs.mode:
                # Encoding
                handle = open(
                    handle,
                    ioargs.mode,
                    encoding=ioargs.encoding,
                    errors=errors,
                    newline="",
                )
            else:
                # Binary mode
>               handle = open(handle, ioargs.mode)
E               FileNotFoundError: [Errno 2] No such file or directory: ''

.venv\Lib\site-packages\pandas\io\common.py:882: FileNotFoundError
_ TestFileHandler.test_start_download_empty_input[normal_dest-bad_output-bad_input-10_threads-Polar_File_Handler] _

self = <spac_week9.tests.integration.test_file_handler.TestFileHandler object at 0x000001DFC458C2C0>
fh = <spac_week9.Polar_File_Handler.FileHandler object at 0x000001DFC75A99D0>
tnum = 10, p_input = '', p_output = '', p_dest = 'tests\\integration\\files'

    @pytest.mark.parametrize('p_input', ["", input], ids=["bad_input", "normal_input"])
    @pytest.mark.parametrize('p_output', ["", output], ids=["bad_output", "normal_output"])
    @pytest.mark.parametrize('p_dest', ["", dest], ids=["bad_dest", "normal_dest"])
    def test_start_download_empty_input(self, fh, tnum, p_input, p_output, p_dest):
        self.clean_slate()
    
        fh = fh(tnum)
>       fh.start_download(p_input, p_output, p_dest)

tests\integration\test_file_handler.py:167: 
_ _ _ _ _ _ _ _ _ _ _ _ _ _ _ _ _ _ _ _ _ _ _ _ _ _ _ _ _ _ _ _ _ _ _ _ _ _ _ _
Polar_File_Handler.py:37: in start_download
    file_data = pl.read_excel(source=url_file, columns= ["BRnum", "Pdf_URL", "Report Html Address"])
.venv\Lib\site-packages\polars\_utils\deprecation.py:92: in wrapper
    return function(*args, **kwargs)
.venv\Lib\site-packages\polars\_utils\deprecation.py:92: in wrapper
    return function(*args, **kwargs)
.venv\Lib\site-packages\polars\io\spreadsheet\functions.py:299: in read_excel
    return _read_spreadsheet(
.venv\Lib\site-packages\polars\io\spreadsheet\functions.py:529: in _read_spreadsheet
    reader_fn, parser, worksheets = _initialise_spreadsheet_parser(
.venv\Lib\site-packages\polars\io\spreadsheet\functions.py:715: in _initialise_spreadsheet_parser
    parser = fastexcel.read_excel(source, **engine_options)
_ _ _ _ _ _ _ _ _ _ _ _ _ _ _ _ _ _ _ _ _ _ _ _ _ _ _ _ _ _ _ _ _ _ _ _ _ _ _ _

source = ''

    def read_excel(source: Path | str | bytes) -> ExcelReader:
        """Opens and loads an excel file.
    
        :param source: The path to a file or its content as bytes
        """
        if isinstance(source, (str, Path)):
            source = expanduser(source)
>       return ExcelReader(_read_excel(source))
E       _fastexcel.CalamineError: calamine error: Cannot detect file format
E       Context:
E           0: Could not open workbook at 
E           1: could not load excel file at

.venv\Lib\site-packages\fastexcel\__init__.py:476: CalamineError
_ TestFileHandler.test_start_download_empty_input[normal_dest-bad_output-bad_input-1_thread-File_Handler] _

self = <spac_week9.tests.integration.test_file_handler.TestFileHandler object at 0x000001DFC458C380>
fh = <spac_week9.File_Handler.FileHandler object at 0x000001DFC75AB1A0>
tnum = 1, p_input = '', p_output = '', p_dest = 'tests\\integration\\files'

    @pytest.mark.parametrize('p_input', ["", input], ids=["bad_input", "normal_input"])
    @pytest.mark.parametrize('p_output', ["", output], ids=["bad_output", "normal_output"])
    @pytest.mark.parametrize('p_dest', ["", dest], ids=["bad_dest", "normal_dest"])
    def test_start_download_empty_input(self, fh, tnum, p_input, p_output, p_dest):
        self.clean_slate()
    
        fh = fh(tnum)
>       fh.start_download(p_input, p_output, p_dest)

tests\integration\test_file_handler.py:167: 
_ _ _ _ _ _ _ _ _ _ _ _ _ _ _ _ _ _ _ _ _ _ _ _ _ _ _ _ _ _ _ _ _ _ _ _ _ _ _ _
File_Handler.py:44: in start_download
    file_data = pd.read_excel(url_file,index_col = ID)
.venv\Lib\site-packages\pandas\io\excel\_base.py:495: in read_excel
    io = ExcelFile(
.venv\Lib\site-packages\pandas\io\excel\_base.py:1550: in __init__
    ext = inspect_excel_format(
.venv\Lib\site-packages\pandas\io\excel\_base.py:1402: in inspect_excel_format
    with get_handle(
_ _ _ _ _ _ _ _ _ _ _ _ _ _ _ _ _ _ _ _ _ _ _ _ _ _ _ _ _ _ _ _ _ _ _ _ _ _ _ _

path_or_buf = '', mode = 'rb'

    @doc(compression_options=_shared_docs["compression_options"] % "path_or_buf")
    def get_handle(
        path_or_buf: FilePath | BaseBuffer,
        mode: str,
        *,
        encoding: str | None = None,
        compression: CompressionOptions | None = None,
        memory_map: bool = False,
        is_text: bool = True,
        errors: str | None = None,
        storage_options: StorageOptions | None = None,
    ) -> IOHandles[str] | IOHandles[bytes]:
        """
        Get file handle for given path/buffer and mode.
    
        Parameters
        ----------
        path_or_buf : str or file handle
            File path or object.
        mode : str
            Mode to open path_or_buf with.
        encoding : str or None
            Encoding to use.
        {compression_options}
    
               May be a dict with key 'method' as compression mode
               and other keys as compression options if compression
               mode is 'zip'.
    
               Passing compression options as keys in dict is
               supported for compression modes 'gzip', 'bz2', 'zstd' and 'zip'.
    
            .. versionchanged:: 1.4.0 Zstandard support.
    
        memory_map : bool, default False
            See parsers._parser_params for more information. Only used by read_csv.
        is_text : bool, default True
            Whether the type of the content passed to the file/buffer is string or
            bytes. This is not the same as `"b" not in mode`. If a string content is
            passed to a binary file/buffer, a wrapper is inserted.
        errors : str, default 'strict'
            Specifies how encoding and decoding errors are to be handled.
            See the errors argument for :func:`open` for a full list
            of options.
        storage_options: StorageOptions = None
            Passed to _get_filepath_or_buffer
    
        Returns the dataclass IOHandles
        """
        # Windows does not default to utf-8. Set to utf-8 for a consistent behavior
        encoding = encoding or "utf-8"
    
        errors = errors or "strict"
    
        # read_csv does not know whether the buffer is opened in binary/text mode
        if _is_binary_mode(path_or_buf, mode) and "b" not in mode:
            mode += "b"
    
        # validate encoding and errors
        codecs.lookup(encoding)
        if isinstance(errors, str):
            codecs.lookup_error(errors)
    
        # open URLs
        ioargs = _get_filepath_or_buffer(
            path_or_buf,
            encoding=encoding,
            compression=compression,
            mode=mode,
            storage_options=storage_options,
        )
    
        handle = ioargs.filepath_or_buffer
        handles: list[BaseBuffer]
    
        # memory mapping needs to be the first step
        # only used for read_csv
        handle, memory_map, handles = _maybe_memory_map(handle, memory_map)
    
        is_path = isinstance(handle, str)
        compression_args = dict(ioargs.compression)
        compression = compression_args.pop("method")
    
        # Only for write methods
        if "r" not in mode and is_path:
            check_parent_directory(str(handle))
    
        if compression:
            if compression != "zstd":
                # compression libraries do not like an explicit text-mode
                ioargs.mode = ioargs.mode.replace("t", "")
            elif compression == "zstd" and "b" not in ioargs.mode:
                # python-zstandard defaults to text mode, but we always expect
                # compression libraries to use binary mode.
                ioargs.mode += "b"
    
            # GZ Compression
            if compression == "gzip":
                if isinstance(handle, str):
                    # error: Incompatible types in assignment (expression has type
                    # "GzipFile", variable has type "Union[str, BaseBuffer]")
                    handle = gzip.GzipFile(  # type: ignore[assignment]
                        filename=handle,
                        mode=ioargs.mode,
                        **compression_args,
                    )
                else:
                    handle = gzip.GzipFile(
                        # No overload variant of "GzipFile" matches argument types
                        # "Union[str, BaseBuffer]", "str", "Dict[str, Any]"
                        fileobj=handle,  # type: ignore[call-overload]
                        mode=ioargs.mode,
                        **compression_args,
                    )
    
            # BZ Compression
            elif compression == "bz2":
                # Overload of "BZ2File" to handle pickle protocol 5
                # "Union[str, BaseBuffer]", "str", "Dict[str, Any]"
                handle = get_bz2_file()(  # type: ignore[call-overload]
                    handle,
                    mode=ioargs.mode,
                    **compression_args,
                )
    
            # ZIP Compression
            elif compression == "zip":
                # error: Argument 1 to "_BytesZipFile" has incompatible type
                # "Union[str, BaseBuffer]"; expected "Union[Union[str, PathLike[str]],
                # ReadBuffer[bytes], WriteBuffer[bytes]]"
                handle = _BytesZipFile(
                    handle, ioargs.mode, **compression_args  # type: ignore[arg-type]
                )
                if handle.buffer.mode == "r":
                    handles.append(handle)
                    zip_names = handle.buffer.namelist()
                    if len(zip_names) == 1:
                        handle = handle.buffer.open(zip_names.pop())
                    elif not zip_names:
                        raise ValueError(f"Zero files found in ZIP file {path_or_buf}")
                    else:
                        raise ValueError(
                            "Multiple files found in ZIP file. "
                            f"Only one file per ZIP: {zip_names}"
                        )
    
            # TAR Encoding
            elif compression == "tar":
                compression_args.setdefault("mode", ioargs.mode)
                if isinstance(handle, str):
                    handle = _BytesTarFile(name=handle, **compression_args)
                else:
                    # error: Argument "fileobj" to "_BytesTarFile" has incompatible
                    # type "BaseBuffer"; expected "Union[ReadBuffer[bytes],
                    # WriteBuffer[bytes], None]"
                    handle = _BytesTarFile(
                        fileobj=handle, **compression_args  # type: ignore[arg-type]
                    )
                assert isinstance(handle, _BytesTarFile)
                if "r" in handle.buffer.mode:
                    handles.append(handle)
                    files = handle.buffer.getnames()
                    if len(files) == 1:
                        file = handle.buffer.extractfile(files[0])
                        assert file is not None
                        handle = file
                    elif not files:
                        raise ValueError(f"Zero files found in TAR archive {path_or_buf}")
                    else:
                        raise ValueError(
                            "Multiple files found in TAR archive. "
                            f"Only one file per TAR archive: {files}"
                        )
    
            # XZ Compression
            elif compression == "xz":
                # error: Argument 1 to "LZMAFile" has incompatible type "Union[str,
                # BaseBuffer]"; expected "Optional[Union[Union[str, bytes, PathLike[str],
                # PathLike[bytes]], IO[bytes]], None]"
                handle = get_lzma_file()(
                    handle, ioargs.mode, **compression_args  # type: ignore[arg-type]
                )
    
            # Zstd Compression
            elif compression == "zstd":
                zstd = import_optional_dependency("zstandard")
                if "r" in ioargs.mode:
                    open_args = {"dctx": zstd.ZstdDecompressor(**compression_args)}
                else:
                    open_args = {"cctx": zstd.ZstdCompressor(**compression_args)}
                handle = zstd.open(
                    handle,
                    mode=ioargs.mode,
                    **open_args,
                )
    
            # Unrecognized Compression
            else:
                msg = f"Unrecognized compression type: {compression}"
                raise ValueError(msg)
    
            assert not isinstance(handle, str)
            handles.append(handle)
    
        elif isinstance(handle, str):
            # Check whether the filename is to be opened in binary mode.
            # Binary mode does not support 'encoding' and 'newline'.
            if ioargs.encoding and "b" not in ioargs.mode:
                # Encoding
                handle = open(
                    handle,
                    ioargs.mode,
                    encoding=ioargs.encoding,
                    errors=errors,
                    newline="",
                )
            else:
                # Binary mode
>               handle = open(handle, ioargs.mode)
E               FileNotFoundError: [Errno 2] No such file or directory: ''

.venv\Lib\site-packages\pandas\io\common.py:882: FileNotFoundError
_ TestFileHandler.test_start_download_empty_input[normal_dest-bad_output-bad_input-1_thread-Polar_File_Handler] _

self = <spac_week9.tests.integration.test_file_handler.TestFileHandler object at 0x000001DFC458C440>
fh = <spac_week9.Polar_File_Handler.FileHandler object at 0x000001DFC75AAFF0>
tnum = 1, p_input = '', p_output = '', p_dest = 'tests\\integration\\files'

    @pytest.mark.parametrize('p_input', ["", input], ids=["bad_input", "normal_input"])
    @pytest.mark.parametrize('p_output', ["", output], ids=["bad_output", "normal_output"])
    @pytest.mark.parametrize('p_dest', ["", dest], ids=["bad_dest", "normal_dest"])
    def test_start_download_empty_input(self, fh, tnum, p_input, p_output, p_dest):
        self.clean_slate()
    
        fh = fh(tnum)
>       fh.start_download(p_input, p_output, p_dest)

tests\integration\test_file_handler.py:167: 
_ _ _ _ _ _ _ _ _ _ _ _ _ _ _ _ _ _ _ _ _ _ _ _ _ _ _ _ _ _ _ _ _ _ _ _ _ _ _ _
Polar_File_Handler.py:37: in start_download
    file_data = pl.read_excel(source=url_file, columns= ["BRnum", "Pdf_URL", "Report Html Address"])
.venv\Lib\site-packages\polars\_utils\deprecation.py:92: in wrapper
    return function(*args, **kwargs)
.venv\Lib\site-packages\polars\_utils\deprecation.py:92: in wrapper
    return function(*args, **kwargs)
.venv\Lib\site-packages\polars\io\spreadsheet\functions.py:299: in read_excel
    return _read_spreadsheet(
.venv\Lib\site-packages\polars\io\spreadsheet\functions.py:529: in _read_spreadsheet
    reader_fn, parser, worksheets = _initialise_spreadsheet_parser(
.venv\Lib\site-packages\polars\io\spreadsheet\functions.py:715: in _initialise_spreadsheet_parser
    parser = fastexcel.read_excel(source, **engine_options)
_ _ _ _ _ _ _ _ _ _ _ _ _ _ _ _ _ _ _ _ _ _ _ _ _ _ _ _ _ _ _ _ _ _ _ _ _ _ _ _

source = ''

    def read_excel(source: Path | str | bytes) -> ExcelReader:
        """Opens and loads an excel file.
    
        :param source: The path to a file or its content as bytes
        """
        if isinstance(source, (str, Path)):
            source = expanduser(source)
>       return ExcelReader(_read_excel(source))
E       _fastexcel.CalamineError: calamine error: Cannot detect file format
E       Context:
E           0: Could not open workbook at 
E           1: could not load excel file at

.venv\Lib\site-packages\fastexcel\__init__.py:476: CalamineError
_ TestFileHandler.test_start_download_empty_input[normal_dest-bad_output-normal_input-10_threads-File_Handler] _

cls = <class 'pandas.io.excel._base.ExcelWriter'>, path = '', engine = None
date_format = None, datetime_format = None, mode = 'w', storage_options = None
if_sheet_exists = None, engine_kwargs = None

    def __new__(
        cls,
        path: FilePath | WriteExcelBuffer | ExcelWriter,
        engine: str | None = None,
        date_format: str | None = None,
        datetime_format: str | None = None,
        mode: str = "w",
        storage_options: StorageOptions | None = None,
        if_sheet_exists: ExcelWriterIfSheetExists | None = None,
        engine_kwargs: dict | None = None,
    ) -> Self:
        # only switch class if generic(ExcelWriter)
        if cls is ExcelWriter:
            if engine is None or (isinstance(engine, str) and engine == "auto"):
                if isinstance(path, str):
                    ext = os.path.splitext(path)[-1][1:]
                else:
                    ext = "xlsx"
    
                try:
>                   engine = config.get_option(f"io.excel.{ext}.writer", silent=True)

.venv\Lib\site-packages\pandas\io\excel\_base.py:1136: 
_ _ _ _ _ _ _ _ _ _ _ _ _ _ _ _ _ _ _ _ _ _ _ _ _ _ _ _ _ _ _ _ _ _ _ _ _ _ _ _
.venv\Lib\site-packages\pandas\_config\config.py:274: in __call__
    return self.__func__(*args, **kwds)
.venv\Lib\site-packages\pandas\_config\config.py:146: in _get_option
    key = _get_single_key(pat, silent)
_ _ _ _ _ _ _ _ _ _ _ _ _ _ _ _ _ _ _ _ _ _ _ _ _ _ _ _ _ _ _ _ _ _ _ _ _ _ _ _

pat = 'io.excel..writer', silent = True

    def _get_single_key(pat: str, silent: bool) -> str:
        keys = _select_options(pat)
        if len(keys) == 0:
            if not silent:
                _warn_if_deprecated(pat)
>           raise OptionError(f"No such keys(s): {repr(pat)}")
E           pandas._config.config.OptionError: No such keys(s): 'io.excel..writer'

.venv\Lib\site-packages\pandas\_config\config.py:132: OptionError

The above exception was the direct cause of the following exception:

self = <spac_week9.tests.integration.test_file_handler.TestFileHandler object at 0x000001DFC458C500>
fh = <spac_week9.File_Handler.FileHandler object at 0x000001DFC75AA0F0>
tnum = 10, p_input = 'customer_data\\GRI_2017_2020.xlsx', p_output = ''
p_dest = 'tests\\integration\\files'

    @pytest.mark.parametrize('p_input', ["", input], ids=["bad_input", "normal_input"])
    @pytest.mark.parametrize('p_output', ["", output], ids=["bad_output", "normal_output"])
    @pytest.mark.parametrize('p_dest', ["", dest], ids=["bad_dest", "normal_dest"])
    def test_start_download_empty_input(self, fh, tnum, p_input, p_output, p_dest):
        self.clean_slate()
    
        fh = fh(tnum)
>       fh.start_download(p_input, p_output, p_dest)

tests\integration\test_file_handler.py:167: 
_ _ _ _ _ _ _ _ _ _ _ _ _ _ _ _ _ _ _ _ _ _ _ _ _ _ _ _ _ _ _ _ _ _ _ _ _ _ _ _
File_Handler.py:91: in start_download
    with pd.ExcelWriter(meta_file,mode="w") as writer:
_ _ _ _ _ _ _ _ _ _ _ _ _ _ _ _ _ _ _ _ _ _ _ _ _ _ _ _ _ _ _ _ _ _ _ _ _ _ _ _

cls = <class 'pandas.io.excel._base.ExcelWriter'>, path = '', engine = None
date_format = None, datetime_format = None, mode = 'w', storage_options = None
if_sheet_exists = None, engine_kwargs = None

    def __new__(
        cls,
        path: FilePath | WriteExcelBuffer | ExcelWriter,
        engine: str | None = None,
        date_format: str | None = None,
        datetime_format: str | None = None,
        mode: str = "w",
        storage_options: StorageOptions | None = None,
        if_sheet_exists: ExcelWriterIfSheetExists | None = None,
        engine_kwargs: dict | None = None,
    ) -> Self:
        # only switch class if generic(ExcelWriter)
        if cls is ExcelWriter:
            if engine is None or (isinstance(engine, str) and engine == "auto"):
                if isinstance(path, str):
                    ext = os.path.splitext(path)[-1][1:]
                else:
                    ext = "xlsx"
    
                try:
                    engine = config.get_option(f"io.excel.{ext}.writer", silent=True)
                    if engine == "auto":
                        engine = get_default_engine(ext, mode="writer")
                except KeyError as err:
>                   raise ValueError(f"No engine for filetype: '{ext}'") from err
E                   ValueError: No engine for filetype: ''

.venv\Lib\site-packages\pandas\io\excel\_base.py:1140: ValueError
---------------------------- Captured stdout call -----------------------------
New meta data file will be created
_ TestFileHandler.test_start_download_empty_input[normal_dest-bad_output-normal_input-10_threads-Polar_File_Handler] _

self = <xlsxwriter.workbook.Workbook object at 0x000001DFC49C3EC0>

    def close(self):
        """
        Call finalization code and close file.
    
        Args:
            None.
    
        Returns:
            Nothing.
    
        """
        if not self.fileclosed:
            try:
>               self._store_workbook()

.venv\Lib\site-packages\xlsxwriter\workbook.py:352: 
_ _ _ _ _ _ _ _ _ _ _ _ _ _ _ _ _ _ _ _ _ _ _ _ _ _ _ _ _ _ _ _ _ _ _ _ _ _ _ _
.venv\Lib\site-packages\xlsxwriter\workbook.py:697: in _store_workbook
    raise e
.venv\Lib\site-packages\xlsxwriter\workbook.py:690: in _store_workbook
    xlsx_file = ZipFile(
_ _ _ _ _ _ _ _ _ _ _ _ _ _ _ _ _ _ _ _ _ _ _ _ _ _ _ _ _ _ _ _ _ _ _ _ _ _ _ _

self = <zipfile.ZipFile [closed]>, file = '', mode = 'w', compression = 8
allowZip64 = False, compresslevel = None

    def __init__(self, file, mode="r", compression=ZIP_STORED, allowZip64=True,
                 compresslevel=None, *, strict_timestamps=True, metadata_encoding=None):
        """Open the ZIP file with mode read 'r', write 'w', exclusive create 'x',
        or append 'a'."""
        if mode not in ('r', 'w', 'x', 'a'):
            raise ValueError("ZipFile requires mode 'r', 'w', 'x', or 'a'")
    
        _check_compression(compression)
    
        self._allowZip64 = allowZip64
        self._didModify = False
        self.debug = 0  # Level of printing: 0 through 3
        self.NameToInfo = {}    # Find file info given name
        self.filelist = []      # List of ZipInfo instances for archive
        self.compression = compression  # Method of compression
        self.compresslevel = compresslevel
        self.mode = mode
        self.pwd = None
        self._comment = b''
        self._strict_timestamps = strict_timestamps
        self.metadata_encoding = metadata_encoding
    
        # Check that we don't try to write with nonconforming codecs
        if self.metadata_encoding and mode != 'r':
            raise ValueError(
                "metadata_encoding is only supported for reading files")
    
        # Check if we were passed a file-like object
        if isinstance(file, os.PathLike):
            file = os.fspath(file)
        if isinstance(file, str):
            # No, it's a filename
            self._filePassed = 0
            self.filename = file
            modeDict = {'r' : 'rb', 'w': 'w+b', 'x': 'x+b', 'a' : 'r+b',
                        'r+b': 'w+b', 'w+b': 'wb', 'x+b': 'xb'}
            filemode = modeDict[mode]
            while True:
                try:
>                   self.fp = io.open(file, filemode)
E                   FileNotFoundError: [Errno 2] No such file or directory: ''

..\..\..\AppData\Local\Programs\Python\Python312\Lib\zipfile\__init__.py:1320: FileNotFoundError

During handling of the above exception, another exception occurred:

self = <spac_week9.tests.integration.test_file_handler.TestFileHandler object at 0x000001DFC458C5C0>
fh = <spac_week9.Polar_File_Handler.FileHandler object at 0x000001DFC4D73830>
tnum = 10, p_input = 'customer_data\\GRI_2017_2020.xlsx', p_output = ''
p_dest = 'tests\\integration\\files'

    @pytest.mark.parametrize('p_input', ["", input], ids=["bad_input", "normal_input"])
    @pytest.mark.parametrize('p_output', ["", output], ids=["bad_output", "normal_output"])
    @pytest.mark.parametrize('p_dest', ["", dest], ids=["bad_dest", "normal_dest"])
    def test_start_download_empty_input(self, fh, tnum, p_input, p_output, p_dest):
        self.clean_slate()
    
        fh = fh(tnum)
>       fh.start_download(p_input, p_output, p_dest)

tests\integration\test_file_handler.py:167: 
_ _ _ _ _ _ _ _ _ _ _ _ _ _ _ _ _ _ _ _ _ _ _ _ _ _ _ _ _ _ _ _ _ _ _ _ _ _ _ _
Polar_File_Handler.py:81: in start_download
    with Workbook(meta_file) as file:
.venv\Lib\site-packages\xlsxwriter\workbook.py:176: in __exit__
    self.close()
_ _ _ _ _ _ _ _ _ _ _ _ _ _ _ _ _ _ _ _ _ _ _ _ _ _ _ _ _ _ _ _ _ _ _ _ _ _ _ _

self = <xlsxwriter.workbook.Workbook object at 0x000001DFC49C3EC0>

    def close(self):
        """
        Call finalization code and close file.
    
        Args:
            None.
    
        Returns:
            Nothing.
    
        """
        if not self.fileclosed:
            try:
                self._store_workbook()
            except IOError as e:
>               raise FileCreateError(e)
E               xlsxwriter.exceptions.FileCreateError: [Errno 2] No such file or directory: ''

.venv\Lib\site-packages\xlsxwriter\workbook.py:354: FileCreateError
---------------------------- Captured stdout call -----------------------------
New meta data file will be created
_ TestFileHandler.test_start_download_empty_input[normal_dest-bad_output-normal_input-1_thread-File_Handler] _

cls = <class 'pandas.io.excel._base.ExcelWriter'>, path = '', engine = None
date_format = None, datetime_format = None, mode = 'w', storage_options = None
if_sheet_exists = None, engine_kwargs = None

    def __new__(
        cls,
        path: FilePath | WriteExcelBuffer | ExcelWriter,
        engine: str | None = None,
        date_format: str | None = None,
        datetime_format: str | None = None,
        mode: str = "w",
        storage_options: StorageOptions | None = None,
        if_sheet_exists: ExcelWriterIfSheetExists | None = None,
        engine_kwargs: dict | None = None,
    ) -> Self:
        # only switch class if generic(ExcelWriter)
        if cls is ExcelWriter:
            if engine is None or (isinstance(engine, str) and engine == "auto"):
                if isinstance(path, str):
                    ext = os.path.splitext(path)[-1][1:]
                else:
                    ext = "xlsx"
    
                try:
>                   engine = config.get_option(f"io.excel.{ext}.writer", silent=True)

.venv\Lib\site-packages\pandas\io\excel\_base.py:1136: 
_ _ _ _ _ _ _ _ _ _ _ _ _ _ _ _ _ _ _ _ _ _ _ _ _ _ _ _ _ _ _ _ _ _ _ _ _ _ _ _
.venv\Lib\site-packages\pandas\_config\config.py:274: in __call__
    return self.__func__(*args, **kwds)
.venv\Lib\site-packages\pandas\_config\config.py:146: in _get_option
    key = _get_single_key(pat, silent)
_ _ _ _ _ _ _ _ _ _ _ _ _ _ _ _ _ _ _ _ _ _ _ _ _ _ _ _ _ _ _ _ _ _ _ _ _ _ _ _

pat = 'io.excel..writer', silent = True

    def _get_single_key(pat: str, silent: bool) -> str:
        keys = _select_options(pat)
        if len(keys) == 0:
            if not silent:
                _warn_if_deprecated(pat)
>           raise OptionError(f"No such keys(s): {repr(pat)}")
E           pandas._config.config.OptionError: No such keys(s): 'io.excel..writer'

.venv\Lib\site-packages\pandas\_config\config.py:132: OptionError

The above exception was the direct cause of the following exception:

self = <spac_week9.tests.integration.test_file_handler.TestFileHandler object at 0x000001DFC458C680>
fh = <spac_week9.File_Handler.FileHandler object at 0x000001DFC4E11640>
tnum = 1, p_input = 'customer_data\\GRI_2017_2020.xlsx', p_output = ''
p_dest = 'tests\\integration\\files'

    @pytest.mark.parametrize('p_input', ["", input], ids=["bad_input", "normal_input"])
    @pytest.mark.parametrize('p_output', ["", output], ids=["bad_output", "normal_output"])
    @pytest.mark.parametrize('p_dest', ["", dest], ids=["bad_dest", "normal_dest"])
    def test_start_download_empty_input(self, fh, tnum, p_input, p_output, p_dest):
        self.clean_slate()
    
        fh = fh(tnum)
>       fh.start_download(p_input, p_output, p_dest)

tests\integration\test_file_handler.py:167: 
_ _ _ _ _ _ _ _ _ _ _ _ _ _ _ _ _ _ _ _ _ _ _ _ _ _ _ _ _ _ _ _ _ _ _ _ _ _ _ _
File_Handler.py:91: in start_download
    with pd.ExcelWriter(meta_file,mode="w") as writer:
_ _ _ _ _ _ _ _ _ _ _ _ _ _ _ _ _ _ _ _ _ _ _ _ _ _ _ _ _ _ _ _ _ _ _ _ _ _ _ _

cls = <class 'pandas.io.excel._base.ExcelWriter'>, path = '', engine = None
date_format = None, datetime_format = None, mode = 'w', storage_options = None
if_sheet_exists = None, engine_kwargs = None

    def __new__(
        cls,
        path: FilePath | WriteExcelBuffer | ExcelWriter,
        engine: str | None = None,
        date_format: str | None = None,
        datetime_format: str | None = None,
        mode: str = "w",
        storage_options: StorageOptions | None = None,
        if_sheet_exists: ExcelWriterIfSheetExists | None = None,
        engine_kwargs: dict | None = None,
    ) -> Self:
        # only switch class if generic(ExcelWriter)
        if cls is ExcelWriter:
            if engine is None or (isinstance(engine, str) and engine == "auto"):
                if isinstance(path, str):
                    ext = os.path.splitext(path)[-1][1:]
                else:
                    ext = "xlsx"
    
                try:
                    engine = config.get_option(f"io.excel.{ext}.writer", silent=True)
                    if engine == "auto":
                        engine = get_default_engine(ext, mode="writer")
                except KeyError as err:
>                   raise ValueError(f"No engine for filetype: '{ext}'") from err
E                   ValueError: No engine for filetype: ''

.venv\Lib\site-packages\pandas\io\excel\_base.py:1140: ValueError
---------------------------- Captured stdout call -----------------------------
New meta data file will be created
_ TestFileHandler.test_start_download_empty_input[normal_dest-bad_output-normal_input-1_thread-Polar_File_Handler] _

self = <xlsxwriter.workbook.Workbook object at 0x000001DFC46769F0>

    def close(self):
        """
        Call finalization code and close file.
    
        Args:
            None.
    
        Returns:
            Nothing.
    
        """
        if not self.fileclosed:
            try:
>               self._store_workbook()

.venv\Lib\site-packages\xlsxwriter\workbook.py:352: 
_ _ _ _ _ _ _ _ _ _ _ _ _ _ _ _ _ _ _ _ _ _ _ _ _ _ _ _ _ _ _ _ _ _ _ _ _ _ _ _
.venv\Lib\site-packages\xlsxwriter\workbook.py:697: in _store_workbook
    raise e
.venv\Lib\site-packages\xlsxwriter\workbook.py:690: in _store_workbook
    xlsx_file = ZipFile(
_ _ _ _ _ _ _ _ _ _ _ _ _ _ _ _ _ _ _ _ _ _ _ _ _ _ _ _ _ _ _ _ _ _ _ _ _ _ _ _

self = <zipfile.ZipFile [closed]>, file = '', mode = 'w', compression = 8
allowZip64 = False, compresslevel = None

    def __init__(self, file, mode="r", compression=ZIP_STORED, allowZip64=True,
                 compresslevel=None, *, strict_timestamps=True, metadata_encoding=None):
        """Open the ZIP file with mode read 'r', write 'w', exclusive create 'x',
        or append 'a'."""
        if mode not in ('r', 'w', 'x', 'a'):
            raise ValueError("ZipFile requires mode 'r', 'w', 'x', or 'a'")
    
        _check_compression(compression)
    
        self._allowZip64 = allowZip64
        self._didModify = False
        self.debug = 0  # Level of printing: 0 through 3
        self.NameToInfo = {}    # Find file info given name
        self.filelist = []      # List of ZipInfo instances for archive
        self.compression = compression  # Method of compression
        self.compresslevel = compresslevel
        self.mode = mode
        self.pwd = None
        self._comment = b''
        self._strict_timestamps = strict_timestamps
        self.metadata_encoding = metadata_encoding
    
        # Check that we don't try to write with nonconforming codecs
        if self.metadata_encoding and mode != 'r':
            raise ValueError(
                "metadata_encoding is only supported for reading files")
    
        # Check if we were passed a file-like object
        if isinstance(file, os.PathLike):
            file = os.fspath(file)
        if isinstance(file, str):
            # No, it's a filename
            self._filePassed = 0
            self.filename = file
            modeDict = {'r' : 'rb', 'w': 'w+b', 'x': 'x+b', 'a' : 'r+b',
                        'r+b': 'w+b', 'w+b': 'wb', 'x+b': 'xb'}
            filemode = modeDict[mode]
            while True:
                try:
>                   self.fp = io.open(file, filemode)
E                   FileNotFoundError: [Errno 2] No such file or directory: ''

..\..\..\AppData\Local\Programs\Python\Python312\Lib\zipfile\__init__.py:1320: FileNotFoundError

During handling of the above exception, another exception occurred:

self = <spac_week9.tests.integration.test_file_handler.TestFileHandler object at 0x000001DFC458C740>
fh = <spac_week9.Polar_File_Handler.FileHandler object at 0x000001DFC46691F0>
tnum = 1, p_input = 'customer_data\\GRI_2017_2020.xlsx', p_output = ''
p_dest = 'tests\\integration\\files'

    @pytest.mark.parametrize('p_input', ["", input], ids=["bad_input", "normal_input"])
    @pytest.mark.parametrize('p_output', ["", output], ids=["bad_output", "normal_output"])
    @pytest.mark.parametrize('p_dest', ["", dest], ids=["bad_dest", "normal_dest"])
    def test_start_download_empty_input(self, fh, tnum, p_input, p_output, p_dest):
        self.clean_slate()
    
        fh = fh(tnum)
>       fh.start_download(p_input, p_output, p_dest)

tests\integration\test_file_handler.py:167: 
_ _ _ _ _ _ _ _ _ _ _ _ _ _ _ _ _ _ _ _ _ _ _ _ _ _ _ _ _ _ _ _ _ _ _ _ _ _ _ _
Polar_File_Handler.py:81: in start_download
    with Workbook(meta_file) as file:
.venv\Lib\site-packages\xlsxwriter\workbook.py:176: in __exit__
    self.close()
_ _ _ _ _ _ _ _ _ _ _ _ _ _ _ _ _ _ _ _ _ _ _ _ _ _ _ _ _ _ _ _ _ _ _ _ _ _ _ _

self = <xlsxwriter.workbook.Workbook object at 0x000001DFC46769F0>

    def close(self):
        """
        Call finalization code and close file.
    
        Args:
            None.
    
        Returns:
            Nothing.
    
        """
        if not self.fileclosed:
            try:
                self._store_workbook()
            except IOError as e:
>               raise FileCreateError(e)
E               xlsxwriter.exceptions.FileCreateError: [Errno 2] No such file or directory: ''

.venv\Lib\site-packages\xlsxwriter\workbook.py:354: FileCreateError
---------------------------- Captured stdout call -----------------------------
New meta data file will be created
_ TestFileHandler.test_start_download_empty_input[normal_dest-normal_output-bad_input-10_threads-File_Handler] _

self = <spac_week9.tests.integration.test_file_handler.TestFileHandler object at 0x000001DFC458C800>
fh = <spac_week9.File_Handler.FileHandler object at 0x000001DFC6C80890>
tnum = 10, p_input = '', p_output = 'tests\\integration\\Metadata2017_2020.xlsx'
p_dest = 'tests\\integration\\files'

    @pytest.mark.parametrize('p_input', ["", input], ids=["bad_input", "normal_input"])
    @pytest.mark.parametrize('p_output', ["", output], ids=["bad_output", "normal_output"])
    @pytest.mark.parametrize('p_dest', ["", dest], ids=["bad_dest", "normal_dest"])
    def test_start_download_empty_input(self, fh, tnum, p_input, p_output, p_dest):
        self.clean_slate()
    
        fh = fh(tnum)
>       fh.start_download(p_input, p_output, p_dest)

tests\integration\test_file_handler.py:167: 
_ _ _ _ _ _ _ _ _ _ _ _ _ _ _ _ _ _ _ _ _ _ _ _ _ _ _ _ _ _ _ _ _ _ _ _ _ _ _ _
File_Handler.py:44: in start_download
    file_data = pd.read_excel(url_file,index_col = ID)
.venv\Lib\site-packages\pandas\io\excel\_base.py:495: in read_excel
    io = ExcelFile(
.venv\Lib\site-packages\pandas\io\excel\_base.py:1550: in __init__
    ext = inspect_excel_format(
.venv\Lib\site-packages\pandas\io\excel\_base.py:1402: in inspect_excel_format
    with get_handle(
_ _ _ _ _ _ _ _ _ _ _ _ _ _ _ _ _ _ _ _ _ _ _ _ _ _ _ _ _ _ _ _ _ _ _ _ _ _ _ _

path_or_buf = '', mode = 'rb'

    @doc(compression_options=_shared_docs["compression_options"] % "path_or_buf")
    def get_handle(
        path_or_buf: FilePath | BaseBuffer,
        mode: str,
        *,
        encoding: str | None = None,
        compression: CompressionOptions | None = None,
        memory_map: bool = False,
        is_text: bool = True,
        errors: str | None = None,
        storage_options: StorageOptions | None = None,
    ) -> IOHandles[str] | IOHandles[bytes]:
        """
        Get file handle for given path/buffer and mode.
    
        Parameters
        ----------
        path_or_buf : str or file handle
            File path or object.
        mode : str
            Mode to open path_or_buf with.
        encoding : str or None
            Encoding to use.
        {compression_options}
    
               May be a dict with key 'method' as compression mode
               and other keys as compression options if compression
               mode is 'zip'.
    
               Passing compression options as keys in dict is
               supported for compression modes 'gzip', 'bz2', 'zstd' and 'zip'.
    
            .. versionchanged:: 1.4.0 Zstandard support.
    
        memory_map : bool, default False
            See parsers._parser_params for more information. Only used by read_csv.
        is_text : bool, default True
            Whether the type of the content passed to the file/buffer is string or
            bytes. This is not the same as `"b" not in mode`. If a string content is
            passed to a binary file/buffer, a wrapper is inserted.
        errors : str, default 'strict'
            Specifies how encoding and decoding errors are to be handled.
            See the errors argument for :func:`open` for a full list
            of options.
        storage_options: StorageOptions = None
            Passed to _get_filepath_or_buffer
    
        Returns the dataclass IOHandles
        """
        # Windows does not default to utf-8. Set to utf-8 for a consistent behavior
        encoding = encoding or "utf-8"
    
        errors = errors or "strict"
    
        # read_csv does not know whether the buffer is opened in binary/text mode
        if _is_binary_mode(path_or_buf, mode) and "b" not in mode:
            mode += "b"
    
        # validate encoding and errors
        codecs.lookup(encoding)
        if isinstance(errors, str):
            codecs.lookup_error(errors)
    
        # open URLs
        ioargs = _get_filepath_or_buffer(
            path_or_buf,
            encoding=encoding,
            compression=compression,
            mode=mode,
            storage_options=storage_options,
        )
    
        handle = ioargs.filepath_or_buffer
        handles: list[BaseBuffer]
    
        # memory mapping needs to be the first step
        # only used for read_csv
        handle, memory_map, handles = _maybe_memory_map(handle, memory_map)
    
        is_path = isinstance(handle, str)
        compression_args = dict(ioargs.compression)
        compression = compression_args.pop("method")
    
        # Only for write methods
        if "r" not in mode and is_path:
            check_parent_directory(str(handle))
    
        if compression:
            if compression != "zstd":
                # compression libraries do not like an explicit text-mode
                ioargs.mode = ioargs.mode.replace("t", "")
            elif compression == "zstd" and "b" not in ioargs.mode:
                # python-zstandard defaults to text mode, but we always expect
                # compression libraries to use binary mode.
                ioargs.mode += "b"
    
            # GZ Compression
            if compression == "gzip":
                if isinstance(handle, str):
                    # error: Incompatible types in assignment (expression has type
                    # "GzipFile", variable has type "Union[str, BaseBuffer]")
                    handle = gzip.GzipFile(  # type: ignore[assignment]
                        filename=handle,
                        mode=ioargs.mode,
                        **compression_args,
                    )
                else:
                    handle = gzip.GzipFile(
                        # No overload variant of "GzipFile" matches argument types
                        # "Union[str, BaseBuffer]", "str", "Dict[str, Any]"
                        fileobj=handle,  # type: ignore[call-overload]
                        mode=ioargs.mode,
                        **compression_args,
                    )
    
            # BZ Compression
            elif compression == "bz2":
                # Overload of "BZ2File" to handle pickle protocol 5
                # "Union[str, BaseBuffer]", "str", "Dict[str, Any]"
                handle = get_bz2_file()(  # type: ignore[call-overload]
                    handle,
                    mode=ioargs.mode,
                    **compression_args,
                )
    
            # ZIP Compression
            elif compression == "zip":
                # error: Argument 1 to "_BytesZipFile" has incompatible type
                # "Union[str, BaseBuffer]"; expected "Union[Union[str, PathLike[str]],
                # ReadBuffer[bytes], WriteBuffer[bytes]]"
                handle = _BytesZipFile(
                    handle, ioargs.mode, **compression_args  # type: ignore[arg-type]
                )
                if handle.buffer.mode == "r":
                    handles.append(handle)
                    zip_names = handle.buffer.namelist()
                    if len(zip_names) == 1:
                        handle = handle.buffer.open(zip_names.pop())
                    elif not zip_names:
                        raise ValueError(f"Zero files found in ZIP file {path_or_buf}")
                    else:
                        raise ValueError(
                            "Multiple files found in ZIP file. "
                            f"Only one file per ZIP: {zip_names}"
                        )
    
            # TAR Encoding
            elif compression == "tar":
                compression_args.setdefault("mode", ioargs.mode)
                if isinstance(handle, str):
                    handle = _BytesTarFile(name=handle, **compression_args)
                else:
                    # error: Argument "fileobj" to "_BytesTarFile" has incompatible
                    # type "BaseBuffer"; expected "Union[ReadBuffer[bytes],
                    # WriteBuffer[bytes], None]"
                    handle = _BytesTarFile(
                        fileobj=handle, **compression_args  # type: ignore[arg-type]
                    )
                assert isinstance(handle, _BytesTarFile)
                if "r" in handle.buffer.mode:
                    handles.append(handle)
                    files = handle.buffer.getnames()
                    if len(files) == 1:
                        file = handle.buffer.extractfile(files[0])
                        assert file is not None
                        handle = file
                    elif not files:
                        raise ValueError(f"Zero files found in TAR archive {path_or_buf}")
                    else:
                        raise ValueError(
                            "Multiple files found in TAR archive. "
                            f"Only one file per TAR archive: {files}"
                        )
    
            # XZ Compression
            elif compression == "xz":
                # error: Argument 1 to "LZMAFile" has incompatible type "Union[str,
                # BaseBuffer]"; expected "Optional[Union[Union[str, bytes, PathLike[str],
                # PathLike[bytes]], IO[bytes]], None]"
                handle = get_lzma_file()(
                    handle, ioargs.mode, **compression_args  # type: ignore[arg-type]
                )
    
            # Zstd Compression
            elif compression == "zstd":
                zstd = import_optional_dependency("zstandard")
                if "r" in ioargs.mode:
                    open_args = {"dctx": zstd.ZstdDecompressor(**compression_args)}
                else:
                    open_args = {"cctx": zstd.ZstdCompressor(**compression_args)}
                handle = zstd.open(
                    handle,
                    mode=ioargs.mode,
                    **open_args,
                )
    
            # Unrecognized Compression
            else:
                msg = f"Unrecognized compression type: {compression}"
                raise ValueError(msg)
    
            assert not isinstance(handle, str)
            handles.append(handle)
    
        elif isinstance(handle, str):
            # Check whether the filename is to be opened in binary mode.
            # Binary mode does not support 'encoding' and 'newline'.
            if ioargs.encoding and "b" not in ioargs.mode:
                # Encoding
                handle = open(
                    handle,
                    ioargs.mode,
                    encoding=ioargs.encoding,
                    errors=errors,
                    newline="",
                )
            else:
                # Binary mode
>               handle = open(handle, ioargs.mode)
E               FileNotFoundError: [Errno 2] No such file or directory: ''

.venv\Lib\site-packages\pandas\io\common.py:882: FileNotFoundError
_ TestFileHandler.test_start_download_empty_input[normal_dest-normal_output-bad_input-10_threads-Polar_File_Handler] _

self = <spac_week9.tests.integration.test_file_handler.TestFileHandler object at 0x000001DFC458C8C0>
fh = <spac_week9.Polar_File_Handler.FileHandler object at 0x000001DFC6C815E0>
tnum = 10, p_input = '', p_output = 'tests\\integration\\Metadata2017_2020.xlsx'
p_dest = 'tests\\integration\\files'

    @pytest.mark.parametrize('p_input', ["", input], ids=["bad_input", "normal_input"])
    @pytest.mark.parametrize('p_output', ["", output], ids=["bad_output", "normal_output"])
    @pytest.mark.parametrize('p_dest', ["", dest], ids=["bad_dest", "normal_dest"])
    def test_start_download_empty_input(self, fh, tnum, p_input, p_output, p_dest):
        self.clean_slate()
    
        fh = fh(tnum)
>       fh.start_download(p_input, p_output, p_dest)

tests\integration\test_file_handler.py:167: 
_ _ _ _ _ _ _ _ _ _ _ _ _ _ _ _ _ _ _ _ _ _ _ _ _ _ _ _ _ _ _ _ _ _ _ _ _ _ _ _
Polar_File_Handler.py:37: in start_download
    file_data = pl.read_excel(source=url_file, columns= ["BRnum", "Pdf_URL", "Report Html Address"])
.venv\Lib\site-packages\polars\_utils\deprecation.py:92: in wrapper
    return function(*args, **kwargs)
.venv\Lib\site-packages\polars\_utils\deprecation.py:92: in wrapper
    return function(*args, **kwargs)
.venv\Lib\site-packages\polars\io\spreadsheet\functions.py:299: in read_excel
    return _read_spreadsheet(
.venv\Lib\site-packages\polars\io\spreadsheet\functions.py:529: in _read_spreadsheet
    reader_fn, parser, worksheets = _initialise_spreadsheet_parser(
.venv\Lib\site-packages\polars\io\spreadsheet\functions.py:715: in _initialise_spreadsheet_parser
    parser = fastexcel.read_excel(source, **engine_options)
_ _ _ _ _ _ _ _ _ _ _ _ _ _ _ _ _ _ _ _ _ _ _ _ _ _ _ _ _ _ _ _ _ _ _ _ _ _ _ _

source = ''

    def read_excel(source: Path | str | bytes) -> ExcelReader:
        """Opens and loads an excel file.
    
        :param source: The path to a file or its content as bytes
        """
        if isinstance(source, (str, Path)):
            source = expanduser(source)
>       return ExcelReader(_read_excel(source))
E       _fastexcel.CalamineError: calamine error: Cannot detect file format
E       Context:
E           0: Could not open workbook at 
E           1: could not load excel file at

.venv\Lib\site-packages\fastexcel\__init__.py:476: CalamineError
_ TestFileHandler.test_start_download_empty_input[normal_dest-normal_output-bad_input-1_thread-File_Handler] _

self = <spac_week9.tests.integration.test_file_handler.TestFileHandler object at 0x000001DFC458C980>
fh = <spac_week9.File_Handler.FileHandler object at 0x000001DFC4676210>
tnum = 1, p_input = '', p_output = 'tests\\integration\\Metadata2017_2020.xlsx'
p_dest = 'tests\\integration\\files'

    @pytest.mark.parametrize('p_input', ["", input], ids=["bad_input", "normal_input"])
    @pytest.mark.parametrize('p_output', ["", output], ids=["bad_output", "normal_output"])
    @pytest.mark.parametrize('p_dest', ["", dest], ids=["bad_dest", "normal_dest"])
    def test_start_download_empty_input(self, fh, tnum, p_input, p_output, p_dest):
        self.clean_slate()
    
        fh = fh(tnum)
>       fh.start_download(p_input, p_output, p_dest)

tests\integration\test_file_handler.py:167: 
_ _ _ _ _ _ _ _ _ _ _ _ _ _ _ _ _ _ _ _ _ _ _ _ _ _ _ _ _ _ _ _ _ _ _ _ _ _ _ _
File_Handler.py:44: in start_download
    file_data = pd.read_excel(url_file,index_col = ID)
.venv\Lib\site-packages\pandas\io\excel\_base.py:495: in read_excel
    io = ExcelFile(
.venv\Lib\site-packages\pandas\io\excel\_base.py:1550: in __init__
    ext = inspect_excel_format(
.venv\Lib\site-packages\pandas\io\excel\_base.py:1402: in inspect_excel_format
    with get_handle(
_ _ _ _ _ _ _ _ _ _ _ _ _ _ _ _ _ _ _ _ _ _ _ _ _ _ _ _ _ _ _ _ _ _ _ _ _ _ _ _

path_or_buf = '', mode = 'rb'

    @doc(compression_options=_shared_docs["compression_options"] % "path_or_buf")
    def get_handle(
        path_or_buf: FilePath | BaseBuffer,
        mode: str,
        *,
        encoding: str | None = None,
        compression: CompressionOptions | None = None,
        memory_map: bool = False,
        is_text: bool = True,
        errors: str | None = None,
        storage_options: StorageOptions | None = None,
    ) -> IOHandles[str] | IOHandles[bytes]:
        """
        Get file handle for given path/buffer and mode.
    
        Parameters
        ----------
        path_or_buf : str or file handle
            File path or object.
        mode : str
            Mode to open path_or_buf with.
        encoding : str or None
            Encoding to use.
        {compression_options}
    
               May be a dict with key 'method' as compression mode
               and other keys as compression options if compression
               mode is 'zip'.
    
               Passing compression options as keys in dict is
               supported for compression modes 'gzip', 'bz2', 'zstd' and 'zip'.
    
            .. versionchanged:: 1.4.0 Zstandard support.
    
        memory_map : bool, default False
            See parsers._parser_params for more information. Only used by read_csv.
        is_text : bool, default True
            Whether the type of the content passed to the file/buffer is string or
            bytes. This is not the same as `"b" not in mode`. If a string content is
            passed to a binary file/buffer, a wrapper is inserted.
        errors : str, default 'strict'
            Specifies how encoding and decoding errors are to be handled.
            See the errors argument for :func:`open` for a full list
            of options.
        storage_options: StorageOptions = None
            Passed to _get_filepath_or_buffer
    
        Returns the dataclass IOHandles
        """
        # Windows does not default to utf-8. Set to utf-8 for a consistent behavior
        encoding = encoding or "utf-8"
    
        errors = errors or "strict"
    
        # read_csv does not know whether the buffer is opened in binary/text mode
        if _is_binary_mode(path_or_buf, mode) and "b" not in mode:
            mode += "b"
    
        # validate encoding and errors
        codecs.lookup(encoding)
        if isinstance(errors, str):
            codecs.lookup_error(errors)
    
        # open URLs
        ioargs = _get_filepath_or_buffer(
            path_or_buf,
            encoding=encoding,
            compression=compression,
            mode=mode,
            storage_options=storage_options,
        )
    
        handle = ioargs.filepath_or_buffer
        handles: list[BaseBuffer]
    
        # memory mapping needs to be the first step
        # only used for read_csv
        handle, memory_map, handles = _maybe_memory_map(handle, memory_map)
    
        is_path = isinstance(handle, str)
        compression_args = dict(ioargs.compression)
        compression = compression_args.pop("method")
    
        # Only for write methods
        if "r" not in mode and is_path:
            check_parent_directory(str(handle))
    
        if compression:
            if compression != "zstd":
                # compression libraries do not like an explicit text-mode
                ioargs.mode = ioargs.mode.replace("t", "")
            elif compression == "zstd" and "b" not in ioargs.mode:
                # python-zstandard defaults to text mode, but we always expect
                # compression libraries to use binary mode.
                ioargs.mode += "b"
    
            # GZ Compression
            if compression == "gzip":
                if isinstance(handle, str):
                    # error: Incompatible types in assignment (expression has type
                    # "GzipFile", variable has type "Union[str, BaseBuffer]")
                    handle = gzip.GzipFile(  # type: ignore[assignment]
                        filename=handle,
                        mode=ioargs.mode,
                        **compression_args,
                    )
                else:
                    handle = gzip.GzipFile(
                        # No overload variant of "GzipFile" matches argument types
                        # "Union[str, BaseBuffer]", "str", "Dict[str, Any]"
                        fileobj=handle,  # type: ignore[call-overload]
                        mode=ioargs.mode,
                        **compression_args,
                    )
    
            # BZ Compression
            elif compression == "bz2":
                # Overload of "BZ2File" to handle pickle protocol 5
                # "Union[str, BaseBuffer]", "str", "Dict[str, Any]"
                handle = get_bz2_file()(  # type: ignore[call-overload]
                    handle,
                    mode=ioargs.mode,
                    **compression_args,
                )
    
            # ZIP Compression
            elif compression == "zip":
                # error: Argument 1 to "_BytesZipFile" has incompatible type
                # "Union[str, BaseBuffer]"; expected "Union[Union[str, PathLike[str]],
                # ReadBuffer[bytes], WriteBuffer[bytes]]"
                handle = _BytesZipFile(
                    handle, ioargs.mode, **compression_args  # type: ignore[arg-type]
                )
                if handle.buffer.mode == "r":
                    handles.append(handle)
                    zip_names = handle.buffer.namelist()
                    if len(zip_names) == 1:
                        handle = handle.buffer.open(zip_names.pop())
                    elif not zip_names:
                        raise ValueError(f"Zero files found in ZIP file {path_or_buf}")
                    else:
                        raise ValueError(
                            "Multiple files found in ZIP file. "
                            f"Only one file per ZIP: {zip_names}"
                        )
    
            # TAR Encoding
            elif compression == "tar":
                compression_args.setdefault("mode", ioargs.mode)
                if isinstance(handle, str):
                    handle = _BytesTarFile(name=handle, **compression_args)
                else:
                    # error: Argument "fileobj" to "_BytesTarFile" has incompatible
                    # type "BaseBuffer"; expected "Union[ReadBuffer[bytes],
                    # WriteBuffer[bytes], None]"
                    handle = _BytesTarFile(
                        fileobj=handle, **compression_args  # type: ignore[arg-type]
                    )
                assert isinstance(handle, _BytesTarFile)
                if "r" in handle.buffer.mode:
                    handles.append(handle)
                    files = handle.buffer.getnames()
                    if len(files) == 1:
                        file = handle.buffer.extractfile(files[0])
                        assert file is not None
                        handle = file
                    elif not files:
                        raise ValueError(f"Zero files found in TAR archive {path_or_buf}")
                    else:
                        raise ValueError(
                            "Multiple files found in TAR archive. "
                            f"Only one file per TAR archive: {files}"
                        )
    
            # XZ Compression
            elif compression == "xz":
                # error: Argument 1 to "LZMAFile" has incompatible type "Union[str,
                # BaseBuffer]"; expected "Optional[Union[Union[str, bytes, PathLike[str],
                # PathLike[bytes]], IO[bytes]], None]"
                handle = get_lzma_file()(
                    handle, ioargs.mode, **compression_args  # type: ignore[arg-type]
                )
    
            # Zstd Compression
            elif compression == "zstd":
                zstd = import_optional_dependency("zstandard")
                if "r" in ioargs.mode:
                    open_args = {"dctx": zstd.ZstdDecompressor(**compression_args)}
                else:
                    open_args = {"cctx": zstd.ZstdCompressor(**compression_args)}
                handle = zstd.open(
                    handle,
                    mode=ioargs.mode,
                    **open_args,
                )
    
            # Unrecognized Compression
            else:
                msg = f"Unrecognized compression type: {compression}"
                raise ValueError(msg)
    
            assert not isinstance(handle, str)
            handles.append(handle)
    
        elif isinstance(handle, str):
            # Check whether the filename is to be opened in binary mode.
            # Binary mode does not support 'encoding' and 'newline'.
            if ioargs.encoding and "b" not in ioargs.mode:
                # Encoding
                handle = open(
                    handle,
                    ioargs.mode,
                    encoding=ioargs.encoding,
                    errors=errors,
                    newline="",
                )
            else:
                # Binary mode
>               handle = open(handle, ioargs.mode)
E               FileNotFoundError: [Errno 2] No such file or directory: ''

.venv\Lib\site-packages\pandas\io\common.py:882: FileNotFoundError
_ TestFileHandler.test_start_download_empty_input[normal_dest-normal_output-bad_input-1_thread-Polar_File_Handler] _

self = <spac_week9.tests.integration.test_file_handler.TestFileHandler object at 0x000001DFC458CA40>
fh = <spac_week9.Polar_File_Handler.FileHandler object at 0x000001DFC6C81A30>
tnum = 1, p_input = '', p_output = 'tests\\integration\\Metadata2017_2020.xlsx'
p_dest = 'tests\\integration\\files'

    @pytest.mark.parametrize('p_input', ["", input], ids=["bad_input", "normal_input"])
    @pytest.mark.parametrize('p_output', ["", output], ids=["bad_output", "normal_output"])
    @pytest.mark.parametrize('p_dest', ["", dest], ids=["bad_dest", "normal_dest"])
    def test_start_download_empty_input(self, fh, tnum, p_input, p_output, p_dest):
        self.clean_slate()
    
        fh = fh(tnum)
>       fh.start_download(p_input, p_output, p_dest)

tests\integration\test_file_handler.py:167: 
_ _ _ _ _ _ _ _ _ _ _ _ _ _ _ _ _ _ _ _ _ _ _ _ _ _ _ _ _ _ _ _ _ _ _ _ _ _ _ _
Polar_File_Handler.py:37: in start_download
    file_data = pl.read_excel(source=url_file, columns= ["BRnum", "Pdf_URL", "Report Html Address"])
.venv\Lib\site-packages\polars\_utils\deprecation.py:92: in wrapper
    return function(*args, **kwargs)
.venv\Lib\site-packages\polars\_utils\deprecation.py:92: in wrapper
    return function(*args, **kwargs)
.venv\Lib\site-packages\polars\io\spreadsheet\functions.py:299: in read_excel
    return _read_spreadsheet(
.venv\Lib\site-packages\polars\io\spreadsheet\functions.py:529: in _read_spreadsheet
    reader_fn, parser, worksheets = _initialise_spreadsheet_parser(
.venv\Lib\site-packages\polars\io\spreadsheet\functions.py:715: in _initialise_spreadsheet_parser
    parser = fastexcel.read_excel(source, **engine_options)
_ _ _ _ _ _ _ _ _ _ _ _ _ _ _ _ _ _ _ _ _ _ _ _ _ _ _ _ _ _ _ _ _ _ _ _ _ _ _ _

source = ''

    def read_excel(source: Path | str | bytes) -> ExcelReader:
        """Opens and loads an excel file.
    
        :param source: The path to a file or its content as bytes
        """
        if isinstance(source, (str, Path)):
            source = expanduser(source)
>       return ExcelReader(_read_excel(source))
E       _fastexcel.CalamineError: calamine error: Cannot detect file format
E       Context:
E           0: Could not open workbook at 
E           1: could not load excel file at

.venv\Lib\site-packages\fastexcel\__init__.py:476: CalamineError
_____________________ TestController.test_set_report_file _____________________

self = <spac_week9.tests.unit.test_controller.TestController object at 0x000001DFC458D820>

    def test_set_report_file(self):
        c = Controller()
>       c.set_report_file(self.output_file)
E       AttributeError: 'Controller' object has no attribute 'set_report_file'. Did you mean: 'set_repor_file'?

tests\unit\test_controller.py:17: AttributeError
________________ TestDownloader.test_download_bad_destination _________________

self = <spac_week9.tests.unit.test_downloader.TestDownloader object at 0x000001DFC458EBA0>
monkeypatch = <_pytest.monkeypatch.MonkeyPatch object at 0x000001DFC499FB00>

    def test_download_bad_destination(self, monkeypatch):
        monkeypatch.setattr(requests, "get", mock_get)
        d = Downloader()
>       did_it_work = d.download(self.url, self.bad_output)

tests\unit\test_downloader.py:102: 
_ _ _ _ _ _ _ _ _ _ _ _ _ _ _ _ _ _ _ _ _ _ _ _ _ _ _ _ _ _ _ _ _ _ _ _ _ _ _ _

self = <spac_week9.Downloader.Downloader object at 0x000001DFC499D1F0>
url = 'https://fakeurl', destination_path = 'this_folder_doesnt_exist/test.pdf'
alt_url = None

    def download(self,url : str, destination_path : str, alt_url : Optional[str] = None) -> bool:
    
        success = True
        if not url and not alt_url:
            return False
        #Tries downloading with the main url
        try:
            response = requests.get(url,stream = True, timeout=30)
            #Checks if the response was a pdf file
            if not "application/pdf" in response.headers.get("content-type"):
                raise Exception("Not pdf type")
        except:
            success = False
    
        #If it fails to download try the alternative url
        if not success:
            try:
                response = requests.get(alt_url, stream = True, timeout=30)
                #Checks if the response was a pdf file
                if not "application/pdf" in response.headers.get("content-type"):
                    raise Exception("Not pdf type")
    
                success = True
            except:
                return False
    
        #Sace file to the distination
>       with open(destination_path, "wb") as file:
E       FileNotFoundError: [Errno 2] No such file or directory: 'this_folder_doesnt_exist/test.pdf'

Downloader.py:36: FileNotFoundError
=========================== short test summary info ===========================
FAILED tests/integration/test_file_handler.py::TestFileHandler::test_start_download_clean[10_threads-File_Handler]
FAILED tests/integration/test_file_handler.py::TestFileHandler::test_start_download_clean[10_threads-Polar_File_Handler]
FAILED tests/integration/test_file_handler.py::TestFileHandler::test_start_download_unclean[10_threads-File_Handler]
FAILED tests/integration/test_file_handler.py::TestFileHandler::test_start_download_unclean[10_threads-Polar_File_Handler]
FAILED tests/integration/test_file_handler.py::TestFileHandler::test_start_download_unclean[1_thread-File_Handler]
FAILED tests/integration/test_file_handler.py::TestFileHandler::test_start_download_no_meta[10_threads-File_Handler]
FAILED tests/integration/test_file_handler.py::TestFileHandler::test_start_download_no_meta[10_threads-Polar_File_Handler]
FAILED tests/integration/test_file_handler.py::TestFileHandler::test_start_download_no_dls[10_threads-File_Handler]
FAILED tests/integration/test_file_handler.py::TestFileHandler::test_start_download_no_dls[10_threads-Polar_File_Handler]
FAILED tests/integration/test_file_handler.py::TestFileHandler::test_start_download_no_dls[1_thread-File_Handler]
FAILED tests/integration/test_file_handler.py::TestFileHandler::test_start_download_no_dls[1_thread-Polar_File_Handler]
FAILED tests/integration/test_file_handler.py::TestFileHandler::test_start_download_small_input[10_threads-File_Handler]
FAILED tests/integration/test_file_handler.py::TestFileHandler::test_start_download_small_input[10_threads-Polar_File_Handler]
FAILED tests/integration/test_file_handler.py::TestFileHandler::test_start_download_empty_input[bad_dest-bad_output-bad_input-10_threads-File_Handler]
FAILED tests/integration/test_file_handler.py::TestFileHandler::test_start_download_empty_input[bad_dest-bad_output-bad_input-10_threads-Polar_File_Handler]
FAILED tests/integration/test_file_handler.py::TestFileHandler::test_start_download_empty_input[bad_dest-bad_output-bad_input-1_thread-File_Handler]
FAILED tests/integration/test_file_handler.py::TestFileHandler::test_start_download_empty_input[bad_dest-bad_output-bad_input-1_thread-Polar_File_Handler]
FAILED tests/integration/test_file_handler.py::TestFileHandler::test_start_download_empty_input[bad_dest-bad_output-normal_input-10_threads-File_Handler]
FAILED tests/integration/test_file_handler.py::TestFileHandler::test_start_download_empty_input[bad_dest-bad_output-normal_input-10_threads-Polar_File_Handler]
FAILED tests/integration/test_file_handler.py::TestFileHandler::test_start_download_empty_input[bad_dest-bad_output-normal_input-1_thread-File_Handler]
FAILED tests/integration/test_file_handler.py::TestFileHandler::test_start_download_empty_input[bad_dest-bad_output-normal_input-1_thread-Polar_File_Handler]
FAILED tests/integration/test_file_handler.py::TestFileHandler::test_start_download_empty_input[bad_dest-normal_output-bad_input-10_threads-File_Handler]
FAILED tests/integration/test_file_handler.py::TestFileHandler::test_start_download_empty_input[bad_dest-normal_output-bad_input-10_threads-Polar_File_Handler]
FAILED tests/integration/test_file_handler.py::TestFileHandler::test_start_download_empty_input[bad_dest-normal_output-bad_input-1_thread-File_Handler]
FAILED tests/integration/test_file_handler.py::TestFileHandler::test_start_download_empty_input[bad_dest-normal_output-bad_input-1_thread-Polar_File_Handler]
FAILED tests/integration/test_file_handler.py::TestFileHandler::test_start_download_empty_input[normal_dest-bad_output-bad_input-10_threads-File_Handler]
FAILED tests/integration/test_file_handler.py::TestFileHandler::test_start_download_empty_input[normal_dest-bad_output-bad_input-10_threads-Polar_File_Handler]
FAILED tests/integration/test_file_handler.py::TestFileHandler::test_start_download_empty_input[normal_dest-bad_output-bad_input-1_thread-File_Handler]
FAILED tests/integration/test_file_handler.py::TestFileHandler::test_start_download_empty_input[normal_dest-bad_output-bad_input-1_thread-Polar_File_Handler]
FAILED tests/integration/test_file_handler.py::TestFileHandler::test_start_download_empty_input[normal_dest-bad_output-normal_input-10_threads-File_Handler]
FAILED tests/integration/test_file_handler.py::TestFileHandler::test_start_download_empty_input[normal_dest-bad_output-normal_input-10_threads-Polar_File_Handler]
FAILED tests/integration/test_file_handler.py::TestFileHandler::test_start_download_empty_input[normal_dest-bad_output-normal_input-1_thread-File_Handler]
FAILED tests/integration/test_file_handler.py::TestFileHandler::test_start_download_empty_input[normal_dest-bad_output-normal_input-1_thread-Polar_File_Handler]
FAILED tests/integration/test_file_handler.py::TestFileHandler::test_start_download_empty_input[normal_dest-normal_output-bad_input-10_threads-File_Handler]
FAILED tests/integration/test_file_handler.py::TestFileHandler::test_start_download_empty_input[normal_dest-normal_output-bad_input-10_threads-Polar_File_Handler]
FAILED tests/integration/test_file_handler.py::TestFileHandler::test_start_download_empty_input[normal_dest-normal_output-bad_input-1_thread-File_Handler]
FAILED tests/integration/test_file_handler.py::TestFileHandler::test_start_download_empty_input[normal_dest-normal_output-bad_input-1_thread-Polar_File_Handler]
FAILED tests/unit/test_controller.py::TestController::test_set_report_file - ...
FAILED tests/unit/test_downloader.py::TestDownloader::test_download_bad_destination
================== 39 failed, 25 passed in 954.59s (0:15:54) ==================
